#-----------------------------------------------------------
# Vivado v2018.3 (64-bit)
# SW Build 2405991 on Thu Dec  6 23:38:27 MST 2018
# IP Build 2404404 on Fri Dec  7 01:43:56 MST 2018
# Start of session at: Wed Jun  3 15:07:17 2026
# Process ID: 17380
# Current directory: c:/Users/Administrator/Desktop/GT/gt_app_ex
# Command line: vivado.exe -notrace -source c:/Users/Administrator/Desktop/GT/gt_app/gt_app.srcs/sources_1/ip/gt_app/gt_app_ex.tcl
# Log file: c:/Users/Administrator/Desktop/GT/gt_app_ex/vivado.log
# Journal file: c:/Users/Administrator/Desktop/GT/gt_app_ex\vivado.jou
#-----------------------------------------------------------
start_gui
source c:/Users/Administrator/Desktop/GT/gt_app/gt_app.srcs/sources_1/ip/gt_app/gt_app_ex.tcl -notrace
INFO: [open_example_project] Creating new example project...
INFO: [IP_Flow 19-234] Refreshing IP repositories
INFO: [IP_Flow 19-1704] No user IP repositories specified
INFO: [IP_Flow 19-2313] Loaded Vivado IP repository 'C:/Xilinx/Vivado/2018.3/data/ip'.
INFO: [open_example_project] Importing original IP ...
WARNING: [IP_Flow 19-3664] IP 'gt_app' generated file not found 'c:/Users/Administrator/Desktop/GT/gt_app/gt_app.srcs/sources_1/ip/gt_app/gt_app.dcp'. Please regenerate to continue.
WARNING: [IP_Flow 19-3664] IP 'gt_app' generated file not found 'c:/Users/Administrator/Desktop/GT/gt_app/gt_app.srcs/sources_1/ip/gt_app/gt_app_stub.v'. Please regenerate to continue.
WARNING: [IP_Flow 19-3664] IP 'gt_app' generated file not found 'c:/Users/Administrator/Desktop/GT/gt_app/gt_app.srcs/sources_1/ip/gt_app/gt_app_stub.vhdl'. Please regenerate to continue.
WARNING: [IP_Flow 19-3664] IP 'gt_app' generated file not found 'c:/Users/Administrator/Desktop/GT/gt_app/gt_app.srcs/sources_1/ip/gt_app/gt_app_sim_netlist.v'. Please regenerate to continue.
WARNING: [IP_Flow 19-3664] IP 'gt_app' generated file not found 'c:/Users/Administrator/Desktop/GT/gt_app/gt_app.srcs/sources_1/ip/gt_app/gt_app_sim_netlist.vhdl'. Please regenerate to continue.
CRITICAL WARNING: [IP_Flow 19-4299] Failed to copy 'c:/Users/Administrator/Desktop/GT/gt_app/gt_app.srcs/sources_1/ip/gt_app/gt_app.dcp' to 'c:/Users/Administrator/Desktop/GT/gt_app_ex/gt_app_ex.srcs/sources_1/ip/gt_app/gt_app.dcp'
CRITICAL WARNING: [IP_Flow 19-4299] Failed to copy 'c:/Users/Administrator/Desktop/GT/gt_app/gt_app.srcs/sources_1/ip/gt_app/gt_app_stub.v' to 'c:/Users/Administrator/Desktop/GT/gt_app_ex/gt_app_ex.srcs/sources_1/ip/gt_app/gt_app_stub.v'
CRITICAL WARNING: [IP_Flow 19-4299] Failed to copy 'c:/Users/Administrator/Desktop/GT/gt_app/gt_app.srcs/sources_1/ip/gt_app/gt_app_stub.vhdl' to 'c:/Users/Administrator/Desktop/GT/gt_app_ex/gt_app_ex.srcs/sources_1/ip/gt_app/gt_app_stub.vhdl'
CRITICAL WARNING: [IP_Flow 19-4299] Failed to copy 'c:/Users/Administrator/Desktop/GT/gt_app/gt_app.srcs/sources_1/ip/gt_app/gt_app_sim_netlist.v' to 'c:/Users/Administrator/Desktop/GT/gt_app_ex/gt_app_ex.srcs/sources_1/ip/gt_app/gt_app_sim_netlist.v'
CRITICAL WARNING: [IP_Flow 19-4299] Failed to copy 'c:/Users/Administrator/Desktop/GT/gt_app/gt_app.srcs/sources_1/ip/gt_app/gt_app_sim_netlist.vhdl' to 'c:/Users/Administrator/Desktop/GT/gt_app_ex/gt_app_ex.srcs/sources_1/ip/gt_app/gt_app_sim_netlist.vhdl'
INFO: [open_example_project] Generating the example project IP ...
INFO: [open_example_project] Adding example synthesis HDL files ...
INFO: [open_example_project] Adding example synthesis miscellaneous files ...
INFO: [open_example_project] Adding example XDC files ...
INFO: [open_example_project] Adding simulation HDL files ...
INFO: [open_example_project] Adding simulation miscellaneous files ...
INFO: [filemgmt 20-348] Importing the appropriate files for fileset: 'constrs_1'
INFO: [filemgmt 20-348] Importing the appropriate files for fileset: 'sim_1'
INFO: [filemgmt 20-348] Importing the appropriate files for fileset: 'sources_1'
INFO: [open_example_project] Sourcing example extension scripts ...
INFO: [open_example_project] Rebuilding all the top level IPs ...
INFO: [exportsim-Tcl-35] Exporting simulation files for "XSIM" (Xilinx Vivado Simulator)...
INFO: [exportsim-Tcl-29] Script generated: 'C:/Users/Administrator/Desktop/GT/gt_app_ex/gt_app_ex.ip_user_files/sim_scripts/gt_app/xsim/gt_app.sh'
INFO: [SIM-utils-43] Exported 'C:/Users/Administrator/Desktop/GT/gt_app_ex/gt_app_ex.ip_user_files/sim_scripts/gt_app/xsim/v7ht.tcl'
INFO: [exportsim-Tcl-35] Exporting simulation files for "MODELSIM" (Mentor Graphics ModelSim Simulator)...
INFO: [exportsim-Tcl-29] Script generated: 'C:/Users/Administrator/Desktop/GT/gt_app_ex/gt_app_ex.ip_user_files/sim_scripts/gt_app/modelsim/gt_app.sh'
INFO: [SIM-utils-43] Exported 'C:/Users/Administrator/Desktop/GT/gt_app_ex/gt_app_ex.ip_user_files/sim_scripts/gt_app/modelsim/v7ht.tcl'
INFO: [exportsim-Tcl-35] Exporting simulation files for "QUESTA" (Mentor Graphics Questa Advanced Simulator)...
INFO: [exportsim-Tcl-29] Script generated: 'C:/Users/Administrator/Desktop/GT/gt_app_ex/gt_app_ex.ip_user_files/sim_scripts/gt_app/questa/gt_app.sh'
INFO: [SIM-utils-43] Exported 'C:/Users/Administrator/Desktop/GT/gt_app_ex/gt_app_ex.ip_user_files/sim_scripts/gt_app/questa/v7ht.tcl'
INFO: [exportsim-Tcl-35] Exporting simulation files for "IES" (Cadence Incisive Enterprise Simulator)...
INFO: [exportsim-Tcl-29] Script generated: 'C:/Users/Administrator/Desktop/GT/gt_app_ex/gt_app_ex.ip_user_files/sim_scripts/gt_app/ies/gt_app.sh'
INFO: [SIM-utils-43] Exported 'C:/Users/Administrator/Desktop/GT/gt_app_ex/gt_app_ex.ip_user_files/sim_scripts/gt_app/ies/v7ht.tcl'
INFO: [exportsim-Tcl-35] Exporting simulation files for "VCS" (Synopsys Verilog Compiler Simulator)...
INFO: [exportsim-Tcl-29] Script generated: 'C:/Users/Administrator/Desktop/GT/gt_app_ex/gt_app_ex.ip_user_files/sim_scripts/gt_app/vcs/gt_app.sh'
INFO: [SIM-utils-43] Exported 'C:/Users/Administrator/Desktop/GT/gt_app_ex/gt_app_ex.ip_user_files/sim_scripts/gt_app/vcs/v7ht.tcl'
INFO: [exportsim-Tcl-35] Exporting simulation files for "RIVIERA" (Aldec Riviera-PRO Simulator)...
INFO: [exportsim-Tcl-29] Script generated: 'C:/Users/Administrator/Desktop/GT/gt_app_ex/gt_app_ex.ip_user_files/sim_scripts/gt_app/riviera/gt_app.sh'
INFO: [SIM-utils-43] Exported 'C:/Users/Administrator/Desktop/GT/gt_app_ex/gt_app_ex.ip_user_files/sim_scripts/gt_app/riviera/v7ht.tcl'
INFO: [exportsim-Tcl-35] Exporting simulation files for "ACTIVEHDL" (Aldec Active-HDL Simulator)...
INFO: [exportsim-Tcl-29] Script generated: 'C:/Users/Administrator/Desktop/GT/gt_app_ex/gt_app_ex.ip_user_files/sim_scripts/gt_app/activehdl/gt_app.sh'
INFO: [SIM-utils-43] Exported 'C:/Users/Administrator/Desktop/GT/gt_app_ex/gt_app_ex.ip_user_files/sim_scripts/gt_app/activehdl/v7ht.tcl'
INFO: [exportsim-Tcl-35] Exporting simulation files for "XCELIUM" (Cadence Xcelium Parallel Simulator)...
INFO: [exportsim-Tcl-29] Script generated: 'C:/Users/Administrator/Desktop/GT/gt_app_ex/gt_app_ex.ip_user_files/sim_scripts/gt_app/xcelium/gt_app.sh'
INFO: [SIM-utils-43] Exported 'C:/Users/Administrator/Desktop/GT/gt_app_ex/gt_app_ex.ip_user_files/sim_scripts/gt_app/xcelium/v7ht.tcl'
INFO: [open_example_project] Open Example Project completed
update_compile_order -fileset sources_1
set_property target_simulator ModelSim [current_project]
launch_simulation -install_path C:/intelFPGA/20.1/modelsim_ase/win32aloem
INFO: [Vivado 12-5698] Checking validity of IPs in the design for the 'ModelSim' simulator...
INFO: [Vivado 12-5682] Launching behavioral simulation in 'c:/Users/Administrator/Desktop/GT/gt_app_ex/gt_app_ex.sim/sim_1/behav/modelsim'
INFO: [Vivado 12-4795] Using compiled simulation libraries for IPs
INFO: [USF-ModelSim-47] Finding simulator installation...
INFO: [USF-ModelSim-50] Using simulator executables from 'C:/intelFPGA/20.1/modelsim_ase/win32aloem/vsim.exe'
INFO: [SIM-utils-51] Simulation object is 'sim_1'
INFO: [USF-modelsim-7] Finding pre-compiled libraries...
INFO: [USF-modelsim-11] File 'C:/intelFPGA/20.1/modelsim_ase/vivado_lib/modelsim.ini' copied to run dir:'c:/Users/Administrator/Desktop/GT/gt_app_ex/gt_app_ex.sim/sim_1/behav/modelsim'
INFO: [SIM-utils-54] Inspecting design source files for 'gt_app_TB' in fileset 'sim_1'...
INFO: [SIM-utils-43] Exported 'c:/Users/Administrator/Desktop/GT/gt_app_ex/gt_app_ex.sim/sim_1/behav/modelsim/gt_rom_init_rx.dat'
INFO: [SIM-utils-43] Exported 'c:/Users/Administrator/Desktop/GT/gt_app_ex/gt_app_ex.sim/sim_1/behav/modelsim/gt_rom_init_tx.dat'
INFO: [SIM-utils-43] Exported 'c:/Users/Administrator/Desktop/GT/gt_app_ex/gt_app_ex.sim/sim_1/behav/modelsim/gt_rom_init_rx.dat'
INFO: [SIM-utils-43] Exported 'c:/Users/Administrator/Desktop/GT/gt_app_ex/gt_app_ex.sim/sim_1/behav/modelsim/gt_rom_init_tx.dat'
INFO: [SIM-utils-43] Exported 'c:/Users/Administrator/Desktop/GT/gt_app_ex/gt_app_ex.sim/sim_1/behav/modelsim/gt_rom_init_rx.dat'
INFO: [SIM-utils-43] Exported 'c:/Users/Administrator/Desktop/GT/gt_app_ex/gt_app_ex.sim/sim_1/behav/modelsim/gt_rom_init_tx.dat'
INFO: [USF-ModelSim-107] Finding global include files...
INFO: [USF-ModelSim-108] Finding include directories and verilog header directory paths...
INFO: [USF-ModelSim-109] Fetching design files from 'sim_1'...
INFO: [USF-ModelSim-2] ModelSim::Compile design
INFO: [USF-ModelSim-15] Creating automatic 'do' files...
INFO: [USF-ModelSim-69] Executing 'COMPILE and ANALYZE' step in 'c:/Users/Administrator/Desktop/GT/gt_app_ex/gt_app_ex.sim/sim_1/behav/modelsim'
INFO: [USF-ModelSim-69] 'compile' step finished in '1' seconds
ERROR: [USF-ModelSim-70] 'compile' step failed with error(s) while executing 'C:/Users/Administrator/Desktop/GT/gt_app_ex/gt_app_ex.sim/sim_1/behav/modelsim/compile.bat' script. Please check that the file has the correct 'read/write/execute' permissions and the Tcl console output for any other possible errors or warnings.
ERROR: [Vivado 12-4473] Detected error while running simulation. Please correct the issue and retry this operation.
ERROR: [Common 17-39] 'launch_simulation' failed due to earlier errors.
launch_runs synth_1 -jobs 24
[Wed Jun  3 15:17:18 2026] Launched gt_app_synth_1...
Run output will be captured here: c:/Users/Administrator/Desktop/GT/gt_app_ex/gt_app_ex.runs/gt_app_synth_1/runme.log
[Wed Jun  3 15:17:18 2026] Launched synth_1...
Run output will be captured here: c:/Users/Administrator/Desktop/GT/gt_app_ex/gt_app_ex.runs/synth_1/runme.log
reset_run gt_app_synth_1
reset_run synth_1
launch_runs synth_1 -jobs 24
[Wed Jun  3 15:32:37 2026] Launched gt_app_synth_1...
Run output will be captured here: c:/Users/Administrator/Desktop/GT/gt_app_ex/gt_app_ex.runs/gt_app_synth_1/runme.log
[Wed Jun  3 15:32:37 2026] Launched synth_1...
Run output will be captured here: c:/Users/Administrator/Desktop/GT/gt_app_ex/gt_app_ex.runs/synth_1/runme.log
launch_simulation -install_path C:/intelFPGA/20.1/modelsim_ase/win32aloem
INFO: [Vivado 12-5698] Checking validity of IPs in the design for the 'ModelSim' simulator...
INFO: [Vivado 12-5682] Launching behavioral simulation in 'c:/Users/Administrator/Desktop/GT/gt_app_ex/gt_app_ex.sim/sim_1/behav/modelsim'
INFO: [Vivado 12-4795] Using compiled simulation libraries for IPs
INFO: [USF-ModelSim-47] Finding simulator installation...
INFO: [USF-ModelSim-50] Using simulator executables from 'C:/intelFPGA/20.1/modelsim_ase/win32aloem/vsim.exe'
INFO: [SIM-utils-51] Simulation object is 'sim_1'
INFO: [USF-modelsim-7] Finding pre-compiled libraries...
INFO: [USF-modelsim-11] File 'C:/intelFPGA/20.1/modelsim_ase/vivado_lib/modelsim.ini' copied to run dir:'c:/Users/Administrator/Desktop/GT/gt_app_ex/gt_app_ex.sim/sim_1/behav/modelsim'
INFO: [SIM-utils-54] Inspecting design source files for 'gt_app_TB' in fileset 'sim_1'...
INFO: [SIM-utils-43] Exported 'c:/Users/Administrator/Desktop/GT/gt_app_ex/gt_app_ex.sim/sim_1/behav/modelsim/gt_rom_init_rx.dat'
INFO: [SIM-utils-43] Exported 'c:/Users/Administrator/Desktop/GT/gt_app_ex/gt_app_ex.sim/sim_1/behav/modelsim/gt_rom_init_tx.dat'
INFO: [SIM-utils-43] Exported 'c:/Users/Administrator/Desktop/GT/gt_app_ex/gt_app_ex.sim/sim_1/behav/modelsim/gt_rom_init_rx.dat'
INFO: [SIM-utils-43] Exported 'c:/Users/Administrator/Desktop/GT/gt_app_ex/gt_app_ex.sim/sim_1/behav/modelsim/gt_rom_init_tx.dat'
INFO: [SIM-utils-43] Exported 'c:/Users/Administrator/Desktop/GT/gt_app_ex/gt_app_ex.sim/sim_1/behav/modelsim/gt_rom_init_rx.dat'
INFO: [SIM-utils-43] Exported 'c:/Users/Administrator/Desktop/GT/gt_app_ex/gt_app_ex.sim/sim_1/behav/modelsim/gt_rom_init_tx.dat'
INFO: [USF-ModelSim-107] Finding global include files...
INFO: [USF-ModelSim-108] Finding include directories and verilog header directory paths...
INFO: [USF-ModelSim-109] Fetching design files from 'sim_1'...
INFO: [USF-ModelSim-2] ModelSim::Compile design
INFO: [USF-ModelSim-15] Creating automatic 'do' files...
INFO: [USF-ModelSim-69] Executing 'COMPILE and ANALYZE' step in 'c:/Users/Administrator/Desktop/GT/gt_app_ex/gt_app_ex.sim/sim_1/behav/modelsim'
INFO: [USF-ModelSim-69] 'compile' step finished in '1' seconds
ERROR: [USF-ModelSim-70] 'compile' step failed with error(s) while executing 'C:/Users/Administrator/Desktop/GT/gt_app_ex/gt_app_ex.sim/sim_1/behav/modelsim/compile.bat' script. Please check that the file has the correct 'read/write/execute' permissions and the Tcl console output for any other possible errors or warnings.
ERROR: [Vivado 12-4473] Detected error while running simulation. Please correct the issue and retry this operation.
ERROR: [Common 17-39] 'launch_simulation' failed due to earlier errors.
launch_simulation -install_path C:/intelFPGA/20.1/modelsim_ase/win32aloem
INFO: [Vivado 12-5698] Checking validity of IPs in the design for the 'ModelSim' simulator...
INFO: [Vivado 12-5682] Launching behavioral simulation in 'c:/Users/Administrator/Desktop/GT/gt_app_ex/gt_app_ex.sim/sim_1/behav/modelsim'
INFO: [Vivado 12-4795] Using compiled simulation libraries for IPs
INFO: [USF-ModelSim-47] Finding simulator installation...
INFO: [USF-ModelSim-50] Using simulator executables from 'C:/intelFPGA/20.1/modelsim_ase/win32aloem/vsim.exe'
INFO: [SIM-utils-51] Simulation object is 'sim_1'
INFO: [USF-modelsim-7] Finding pre-compiled libraries...
INFO: [USF-modelsim-11] File 'C:/intelFPGA/20.1/modelsim_ase/vivado_lib/modelsim.ini' copied to run dir:'c:/Users/Administrator/Desktop/GT/gt_app_ex/gt_app_ex.sim/sim_1/behav/modelsim'
INFO: [SIM-utils-54] Inspecting design source files for 'gt_app_TB' in fileset 'sim_1'...
INFO: [SIM-utils-43] Exported 'c:/Users/Administrator/Desktop/GT/gt_app_ex/gt_app_ex.sim/sim_1/behav/modelsim/gt_rom_init_rx.dat'
INFO: [SIM-utils-43] Exported 'c:/Users/Administrator/Desktop/GT/gt_app_ex/gt_app_ex.sim/sim_1/behav/modelsim/gt_rom_init_tx.dat'
INFO: [SIM-utils-43] Exported 'c:/Users/Administrator/Desktop/GT/gt_app_ex/gt_app_ex.sim/sim_1/behav/modelsim/gt_rom_init_rx.dat'
INFO: [SIM-utils-43] Exported 'c:/Users/Administrator/Desktop/GT/gt_app_ex/gt_app_ex.sim/sim_1/behav/modelsim/gt_rom_init_tx.dat'
INFO: [SIM-utils-43] Exported 'c:/Users/Administrator/Desktop/GT/gt_app_ex/gt_app_ex.sim/sim_1/behav/modelsim/gt_rom_init_rx.dat'
INFO: [SIM-utils-43] Exported 'c:/Users/Administrator/Desktop/GT/gt_app_ex/gt_app_ex.sim/sim_1/behav/modelsim/gt_rom_init_tx.dat'
INFO: [USF-ModelSim-107] Finding global include files...
INFO: [USF-ModelSim-108] Finding include directories and verilog header directory paths...
INFO: [USF-ModelSim-109] Fetching design files from 'sim_1'...
INFO: [USF-ModelSim-2] ModelSim::Compile design
INFO: [USF-ModelSim-15] Creating automatic 'do' files...
INFO: [USF-ModelSim-69] Executing 'COMPILE and ANALYZE' step in 'c:/Users/Administrator/Desktop/GT/gt_app_ex/gt_app_ex.sim/sim_1/behav/modelsim'
INFO: [USF-ModelSim-69] 'compile' step finished in '1' seconds
ERROR: [USF-ModelSim-70] 'compile' step failed with error(s) while executing 'C:/Users/Administrator/Desktop/GT/gt_app_ex/gt_app_ex.sim/sim_1/behav/modelsim/compile.bat' script. Please check that the file has the correct 'read/write/execute' permissions and the Tcl console output for any other possible errors or warnings.
ERROR: [Vivado 12-4473] Detected error while running simulation. Please correct the issue and retry this operation.
ERROR: [Common 17-39] 'launch_simulation' failed due to earlier errors.
launch_simulation -install_path C:/intelFPGA/20.1/modelsim_ase/win32aloem
INFO: [Vivado 12-5698] Checking validity of IPs in the design for the 'ModelSim' simulator...
INFO: [Vivado 12-5682] Launching behavioral simulation in 'c:/Users/Administrator/Desktop/GT/gt_app_ex/gt_app_ex.sim/sim_1/behav/modelsim'
INFO: [Vivado 12-4795] Using compiled simulation libraries for IPs
INFO: [USF-ModelSim-47] Finding simulator installation...
INFO: [USF-ModelSim-50] Using simulator executables from 'C:/intelFPGA/20.1/modelsim_ase/win32aloem/vsim.exe'
INFO: [SIM-utils-51] Simulation object is 'sim_1'
INFO: [USF-modelsim-7] Finding pre-compiled libraries...
INFO: [USF-modelsim-11] File 'C:/intelFPGA/20.1/modelsim_ase/vivado_lib/modelsim.ini' copied to run dir:'c:/Users/Administrator/Desktop/GT/gt_app_ex/gt_app_ex.sim/sim_1/behav/modelsim'
INFO: [SIM-utils-54] Inspecting design source files for 'gt_app_TB' in fileset 'sim_1'...
INFO: [SIM-utils-43] Exported 'c:/Users/Administrator/Desktop/GT/gt_app_ex/gt_app_ex.sim/sim_1/behav/modelsim/gt_rom_init_rx.dat'
INFO: [SIM-utils-43] Exported 'c:/Users/Administrator/Desktop/GT/gt_app_ex/gt_app_ex.sim/sim_1/behav/modelsim/gt_rom_init_tx.dat'
INFO: [SIM-utils-43] Exported 'c:/Users/Administrator/Desktop/GT/gt_app_ex/gt_app_ex.sim/sim_1/behav/modelsim/gt_rom_init_rx.dat'
INFO: [SIM-utils-43] Exported 'c:/Users/Administrator/Desktop/GT/gt_app_ex/gt_app_ex.sim/sim_1/behav/modelsim/gt_rom_init_tx.dat'
INFO: [SIM-utils-43] Exported 'c:/Users/Administrator/Desktop/GT/gt_app_ex/gt_app_ex.sim/sim_1/behav/modelsim/gt_rom_init_rx.dat'
INFO: [SIM-utils-43] Exported 'c:/Users/Administrator/Desktop/GT/gt_app_ex/gt_app_ex.sim/sim_1/behav/modelsim/gt_rom_init_tx.dat'
INFO: [USF-ModelSim-107] Finding global include files...
INFO: [USF-ModelSim-108] Finding include directories and verilog header directory paths...
INFO: [USF-ModelSim-109] Fetching design files from 'sim_1'...
INFO: [USF-ModelSim-2] ModelSim::Compile design
INFO: [USF-ModelSim-15] Creating automatic 'do' files...
INFO: [USF-ModelSim-69] Executing 'COMPILE and ANALYZE' step in 'c:/Users/Administrator/Desktop/GT/gt_app_ex/gt_app_ex.sim/sim_1/behav/modelsim'
INFO: [USF-ModelSim-69] 'compile' step finished in '1' seconds
ERROR: [USF-ModelSim-70] 'compile' step failed with error(s) while executing 'C:/Users/Administrator/Desktop/GT/gt_app_ex/gt_app_ex.sim/sim_1/behav/modelsim/compile.bat' script. Please check that the file has the correct 'read/write/execute' permissions and the Tcl console output for any other possible errors or warnings.
ERROR: [Vivado 12-4473] Detected error while running simulation. Please correct the issue and retry this operation.
ERROR: [Common 17-39] 'launch_simulation' failed due to earlier errors.
launch_simulation -install_path C:/modeltech64_10.7/win64
INFO: [Vivado 12-5698] Checking validity of IPs in the design for the 'ModelSim' simulator...
INFO: [Vivado 12-5682] Launching behavioral simulation in 'c:/Users/Administrator/Desktop/GT/gt_app_ex/gt_app_ex.sim/sim_1/behav/modelsim'
INFO: [Vivado 12-4795] Using compiled simulation libraries for IPs
INFO: [USF-ModelSim-47] Finding simulator installation...
INFO: [USF-ModelSim-50] Using simulator executables from 'C:/modeltech64_10.7/win64/vsim.exe'
INFO: [SIM-utils-51] Simulation object is 'sim_1'
INFO: [USF-modelsim-7] Finding pre-compiled libraries...
INFO: [USF-modelsim-11] File 'C:/intelFPGA/20.1/modelsim_ase/vivado_lib/modelsim.ini' copied to run dir:'c:/Users/Administrator/Desktop/GT/gt_app_ex/gt_app_ex.sim/sim_1/behav/modelsim'
INFO: [SIM-utils-54] Inspecting design source files for 'gt_app_TB' in fileset 'sim_1'...
INFO: [SIM-utils-43] Exported 'c:/Users/Administrator/Desktop/GT/gt_app_ex/gt_app_ex.sim/sim_1/behav/modelsim/gt_rom_init_rx.dat'
INFO: [SIM-utils-43] Exported 'c:/Users/Administrator/Desktop/GT/gt_app_ex/gt_app_ex.sim/sim_1/behav/modelsim/gt_rom_init_tx.dat'
INFO: [SIM-utils-43] Exported 'c:/Users/Administrator/Desktop/GT/gt_app_ex/gt_app_ex.sim/sim_1/behav/modelsim/gt_rom_init_rx.dat'
INFO: [SIM-utils-43] Exported 'c:/Users/Administrator/Desktop/GT/gt_app_ex/gt_app_ex.sim/sim_1/behav/modelsim/gt_rom_init_tx.dat'
INFO: [SIM-utils-43] Exported 'c:/Users/Administrator/Desktop/GT/gt_app_ex/gt_app_ex.sim/sim_1/behav/modelsim/gt_rom_init_rx.dat'
INFO: [SIM-utils-43] Exported 'c:/Users/Administrator/Desktop/GT/gt_app_ex/gt_app_ex.sim/sim_1/behav/modelsim/gt_rom_init_tx.dat'
INFO: [USF-ModelSim-107] Finding global include files...
INFO: [USF-ModelSim-108] Finding include directories and verilog header directory paths...
INFO: [USF-ModelSim-109] Fetching design files from 'sim_1'...
INFO: [USF-ModelSim-2] ModelSim::Compile design
INFO: [USF-ModelSim-15] Creating automatic 'do' files...
INFO: [USF-ModelSim-69] Executing 'COMPILE and ANALYZE' step in 'c:/Users/Administrator/Desktop/GT/gt_app_ex/gt_app_ex.sim/sim_1/behav/modelsim'
Reading C:/modeltech64_10.7/tcl/vsim/pref.tcl

# 10.7

# do {gt_app_TB_compile.do}
# Model Technology ModelSim SE-64 vmap 10.7 Lib Mapping Utility 2017.12 Dec  7 2017
# vmap xil_defaultlib modelsim_lib/msim/xil_defaultlib 
# Modifying modelsim.ini
# ** Warning: (vlog-159) Mode option -64 is not supported in this context and will be ignored.
# Model Technology ModelSim SE-64 vlog 10.7 Compiler 2017.12 Dec  7 2017
# Start time: 15:39:46 on Jun 03,2026
# vlog -64 -incr -work xil_defaultlib ../../../../gt_app_ex.srcs/sources_1/ip/gt_app/gt_app/example_design/gt_app_tx_startup_fsm.v ../../../../gt_app_ex.srcs/sources_1/ip/gt_app/gt_app/example_design/gt_app_rx_startup_fsm.v ../../../../gt_app_ex.srcs/sources_1/ip/gt_app/gt_app_init.v ../../../../gt_app_ex.srcs/sources_1/ip/gt_app/gt_app_gt.v ../../../../gt_app_ex.srcs/sources_1/ip/gt_app/gt_app_multi_gt.v ../../../../gt_app_ex.srcs/sources_1/ip/gt_app/gt_app/example_design/gt_app_sync_block.v ../../../../gt_app_ex.srcs/sources_1/ip/gt_app/gt_app.v ../../../../gt_app_ex.srcs/sources_1/imports/example_design/support/gt_app_clock_module.v ../../../../gt_app_ex.srcs/sources_1/imports/example_design/support/gt_app_common.v ../../../../gt_app_ex.srcs/sources_1/imports/example_design/support/gt_app_common_reset.v ../../../../gt_app_ex.srcs/sources_1/imports/example_design/gt_app_exdes.v ../../../../gt_app_ex.srcs/sources_1/imports/example_design/gt_app_gt_frame_check.v ../../../../gt_app_ex.srcs/sources_1/imports/example_design/gt_app_gt_frame_gen.v ../../../../gt_app_ex.srcs/sources_1/imports/example_design/support/gt_app_gt_usrclk_source.v ../../../../gt_app_ex.srcs/sources_1/imports/example_design/support/gt_app_support.v ../../../../gt_app_ex.srcs/sim_1/imports/simulation/gt_app_tb.v 
# -- Compiling module gt_app_TX_STARTUP_FSM
# -- Compiling module gt_app_RX_STARTUP_FSM
# -- Compiling module gt_app_init
# -- Compiling module gt_app_GT
# -- Compiling module gt_app_multi_gt
# -- Compiling module gt_app_sync_block
# -- Compiling module gt_app
# -- Compiling module gt_app_CLOCK_MODULE
# -- Compiling module gt_app_common
# -- Compiling module gt_app_common_reset
# -- Compiling module gt_app_exdes
# -- Compiling module gt_app_GT_FRAME_CHECK
# -- Compiling module gt_app_GT_FRAME_GEN
# -- Compiling module gt_app_GT_USRCLK_SOURCE
# -- Compiling module gt_app_support
# -- Compiling module gt_app_TB
# 
# Top level modules:
# 	gt_app_TB
# End time: 15:39:46 on Jun 03,2026, Elapsed time: 0:00:00
# Errors: 0, Warnings: 1
# Model Technology ModelSim SE-64 vlog 10.7 Compiler 2017.12 Dec  7 2017
# Start time: 15:39:46 on Jun 03,2026
# vlog -work xil_defaultlib glbl.v 
# -- Compiling module glbl
# 
# Top level modules:
# 	glbl
# End time: 15:39:46 on Jun 03,2026, Elapsed time: 0:00:00
# Errors: 0, Warnings: 0
INFO: [USF-ModelSim-69] 'compile' step finished in '1' seconds
INFO: [USF-ModelSim-4] ModelSim::Simulate design
INFO: [USF-ModelSim-69] Executing 'SIMULATE' step in 'c:/Users/Administrator/Desktop/GT/gt_app_ex/gt_app_ex.sim/sim_1/behav/modelsim'
Program launched (PID=18156)
set_property -dict [list CONFIG.gt0_val_port_rxslide {false} CONFIG.gt0_val_port_rxbyteisaligned {true} CONFIG.gt0_val_rxslide_mode {OFF}] [get_ips gt_app]
generate_target all [get_files  c:/Users/Administrator/Desktop/GT/gt_app_ex/gt_app_ex.srcs/sources_1/ip/gt_app/gt_app.xci]
INFO: [IP_Flow 19-1686] Generating 'Instantiation Template' target for IP 'gt_app'...
INFO: [IP_Flow 19-1686] Generating 'Synthesis' target for IP 'gt_app'...
INFO: [IP_Flow 19-1686] Generating 'Simulation' target for IP 'gt_app'...
INFO: [IP_Flow 19-1686] Generating 'Implementation' target for IP 'gt_app'...
INFO: [IP_Flow 19-1686] Generating 'Change Log' target for IP 'gt_app'...
catch { config_ip_cache -export [get_ips -all gt_app] }
export_ip_user_files -of_objects [get_files c:/Users/Administrator/Desktop/GT/gt_app_ex/gt_app_ex.srcs/sources_1/ip/gt_app/gt_app.xci] -no_script -sync -force -quiet
reset_run gt_app_synth_1
WARNING: [Vivado 12-1017] Problems encountered:
1. Failed to delete one or more files in run directory c:/Users/Administrator/Desktop/GT/gt_app_ex/gt_app_ex.runs/gt_app_synth_1

launch_runs -jobs 24 gt_app_synth_1
[Wed Jun  3 19:18:33 2026] Launched gt_app_synth_1...
Run output will be captured here: c:/Users/Administrator/Desktop/GT/gt_app_ex/gt_app_ex.runs/gt_app_synth_1/runme.log
export_simulation -of_objects [get_files c:/Users/Administrator/Desktop/GT/gt_app_ex/gt_app_ex.srcs/sources_1/ip/gt_app/gt_app.xci] -directory c:/Users/Administrator/Desktop/GT/gt_app_ex/gt_app_ex.ip_user_files/sim_scripts -ip_user_files_dir c:/Users/Administrator/Desktop/GT/gt_app_ex/gt_app_ex.ip_user_files -ipstatic_source_dir c:/Users/Administrator/Desktop/GT/gt_app_ex/gt_app_ex.ip_user_files/ipstatic -lib_map_path [list {modelsim=C:/intelFPGA/20.1/modelsim_ase/vivado_lib} {questa=c:/Users/Administrator/Desktop/GT/gt_app_ex/gt_app_ex.cache/compile_simlib/questa} {riviera=c:/Users/Administrator/Desktop/GT/gt_app_ex/gt_app_ex.cache/compile_simlib/riviera} {activehdl=c:/Users/Administrator/Desktop/GT/gt_app_ex/gt_app_ex.cache/compile_simlib/activehdl}] -use_ip_compiled_libs -force -quiet
exit
INFO: [Common 17-206] Exiting Vivado at Wed Jun  3 20:50:09 2026...
