INFO: [VRFC 10-2263] Analyzing Verilog file "c:/Users/Administrator/Desktop/GT/gt_app_tx/gt_app_ex/gt_app_ex.srcs/sources_1/ip/gt_app/gt_app/example_design/gt_app_tx_startup_fsm.v" into library xil_defaultlib
INFO: [VRFC 10-311] analyzing module gt_app_TX_STARTUP_FSM
INFO: [VRFC 10-2263] Analyzing Verilog file "c:/Users/Administrator/Desktop/GT/gt_app_tx/gt_app_ex/gt_app_ex.srcs/sources_1/ip/gt_app/gt_app/example_design/gt_app_rx_startup_fsm.v" into library xil_defaultlib
INFO: [VRFC 10-311] analyzing module gt_app_RX_STARTUP_FSM
INFO: [VRFC 10-2263] Analyzing Verilog file "c:/Users/Administrator/Desktop/GT/gt_app_tx/gt_app_ex/gt_app_ex.srcs/sources_1/ip/gt_app/gt_app_init.v" into library xil_defaultlib
INFO: [VRFC 10-311] analyzing module gt_app_init
INFO: [VRFC 10-2263] Analyzing Verilog file "c:/Users/Administrator/Desktop/GT/gt_app_tx/gt_app_ex/gt_app_ex.srcs/sources_1/ip/gt_app/gt_app_gt.v" into library xil_defaultlib
INFO: [VRFC 10-311] analyzing module gt_app_GT
INFO: [VRFC 10-2263] Analyzing Verilog file "c:/Users/Administrator/Desktop/GT/gt_app_tx/gt_app_ex/gt_app_ex.srcs/sources_1/ip/gt_app/gt_app_multi_gt.v" into library xil_defaultlib
INFO: [VRFC 10-311] analyzing module gt_app_multi_gt
INFO: [VRFC 10-2263] Analyzing Verilog file "c:/Users/Administrator/Desktop/GT/gt_app_tx/gt_app_ex/gt_app_ex.srcs/sources_1/ip/gt_app/gt_app/example_design/gt_app_sync_block.v" into library xil_defaultlib
INFO: [VRFC 10-311] analyzing module gt_app_sync_block
INFO: [VRFC 10-2263] Analyzing Verilog file "c:/Users/Administrator/Desktop/GT/gt_app_tx/gt_app_ex/gt_app_ex.srcs/sources_1/ip/gt_app/gt_app.v" into library xil_defaultlib
INFO: [VRFC 10-311] analyzing module gt_app
INFO: [VRFC 10-2263] Analyzing Verilog file "c:/Users/Administrator/Desktop/GT/gt_app_tx/gt_app_ex/gt_app_ex.srcs/sources_1/imports/example_design/support/gt_app_clock_module.v" into library xil_defaultlib
INFO: [VRFC 10-311] analyzing module gt_app_CLOCK_MODULE
INFO: [VRFC 10-2263] Analyzing Verilog file "c:/Users/Administrator/Desktop/GT/gt_app_tx/gt_app_ex/gt_app_ex.srcs/sources_1/imports/example_design/support/gt_app_common.v" into library xil_defaultlib
INFO: [VRFC 10-311] analyzing module gt_app_common
INFO: [VRFC 10-2263] Analyzing Verilog file "c:/Users/Administrator/Desktop/GT/gt_app_tx/gt_app_ex/gt_app_ex.srcs/sources_1/imports/example_design/support/gt_app_common_reset.v" into library xil_defaultlib
INFO: [VRFC 10-311] analyzing module gt_app_common_reset
INFO: [VRFC 10-2263] Analyzing Verilog file "c:/Users/Administrator/Desktop/GT/gt_app_tx/gt_app_ex/gt_app_ex.srcs/sources_1/imports/example_design/gt_app_exdes.v" into library xil_defaultlib
INFO: [VRFC 10-311] analyzing module gt_app_exdes
INFO: [VRFC 10-2263] Analyzing Verilog file "c:/Users/Administrator/Desktop/GT/gt_app_tx/gt_app_ex/gt_app_ex.srcs/sources_1/imports/example_design/gt_app_gt_frame_gen.v" into library xil_defaultlib
INFO: [VRFC 10-311] analyzing module gt_app_GT_FRAME_GEN
INFO: [VRFC 10-2263] Analyzing Verilog file "c:/Users/Administrator/Desktop/GT/gt_app_tx/gt_app_ex/gt_app_ex.srcs/sources_1/imports/example_design/support/gt_app_gt_usrclk_source.v" into library xil_defaultlib
INFO: [VRFC 10-311] analyzing module gt_app_GT_USRCLK_SOURCE
INFO: [VRFC 10-2263] Analyzing Verilog file "c:/Users/Administrator/Desktop/GT/gt_app_tx/gt_app_ex/gt_app_ex.srcs/sources_1/imports/example_design/support/gt_app_support.v" into library xil_defaultlib
INFO: [VRFC 10-311] analyzing module gt_app_support
INFO: [VRFC 10-2263] Analyzing Verilog file "c:/Users/Administrator/Desktop/GT/gt_app_tx/gt_app_ex/gt_app_ex.srcs/sources_1/ip/rx_gt_app/rx_gt_app/example_design/support/rx_gt_app_common.v" into library xil_defaultlib
INFO: [VRFC 10-311] analyzing module rx_gt_app_common
INFO: [VRFC 10-2263] Analyzing Verilog file "c:/Users/Administrator/Desktop/GT/gt_app_tx/gt_app_ex/gt_app_ex.srcs/sources_1/ip/rx_gt_app/rx_gt_app/example_design/support/rx_gt_app_common_reset.v" into library xil_defaultlib
INFO: [VRFC 10-311] analyzing module rx_gt_app_common_reset
INFO: [VRFC 10-2263] Analyzing Verilog file "c:/Users/Administrator/Desktop/GT/gt_app_tx/gt_app_ex/gt_app_ex.srcs/sources_1/ip/rx_gt_app/rx_gt_app/example_design/rx_gt_app_exdes.v" into library xil_defaultlib
INFO: [VRFC 10-311] analyzing module rx_gt_app_exdes
INFO: [VRFC 10-2263] Analyzing Verilog file "c:/Users/Administrator/Desktop/GT/gt_app_tx/gt_app_ex/gt_app_ex.srcs/sources_1/ip/rx_gt_app/rx_gt_app/example_design/rx_gt_app_gt_frame_check.v" into library xil_defaultlib
INFO: [VRFC 10-311] analyzing module rx_gt_app_GT_FRAME_CHECK
INFO: [VRFC 10-2263] Analyzing Verilog file "c:/Users/Administrator/Desktop/GT/gt_app_tx/gt_app_ex/gt_app_ex.srcs/sources_1/ip/rx_gt_app/rx_gt_app/example_design/support/rx_gt_app_gt_usrclk_source.v" into library xil_defaultlib
INFO: [VRFC 10-311] analyzing module rx_gt_app_GT_USRCLK_SOURCE
INFO: [VRFC 10-2263] Analyzing Verilog file "c:/Users/Administrator/Desktop/GT/gt_app_tx/gt_app_ex/gt_app_ex.srcs/sources_1/ip/rx_gt_app/rx_gt_app_sim_netlist.v" into library xil_defaultlib
INFO: [VRFC 10-311] analyzing module rx_gt_app
INFO: [VRFC 10-311] analyzing module rx_gt_app_rx_gt_app_GT
INFO: [VRFC 10-311] analyzing module rx_gt_app_rx_gt_app_RX_STARTUP_FSM
INFO: [VRFC 10-311] analyzing module rx_gt_app_rx_gt_app_init
INFO: [VRFC 10-311] analyzing module rx_gt_app_rx_gt_app_multi_gt
INFO: [VRFC 10-311] analyzing module rx_gt_app_rx_gt_app_sync_block
INFO: [VRFC 10-311] analyzing module rx_gt_app_rx_gt_app_sync_block_0
INFO: [VRFC 10-311] analyzing module rx_gt_app_rx_gt_app_sync_block_1
INFO: [VRFC 10-311] analyzing module rx_gt_app_rx_gt_app_sync_block_2
INFO: [VRFC 10-311] analyzing module rx_gt_app_rx_gt_app_sync_block_3
INFO: [VRFC 10-311] analyzing module rx_gt_app_rx_gt_app_sync_block_4
INFO: [VRFC 10-311] analyzing module rx_gt_app_rx_gt_app_sync_block_5
INFO: [VRFC 10-311] analyzing module glbl
INFO: [VRFC 10-2263] Analyzing Verilog file "c:/Users/Administrator/Desktop/GT/gt_app_tx/gt_app_ex/gt_app_ex.srcs/sources_1/ip/rx_gt_app/rx_gt_app/example_design/support/rx_gt_app_support.v" into library xil_defaultlib
INFO: [VRFC 10-311] analyzing module rx_gt_app_support
INFO: [VRFC 10-2263] Analyzing Verilog file "c:/Users/Administrator/Desktop/GT/gt_app_tx/gt_app_ex/gt_app_ex.srcs/sim_1/imports/simulation/gt_app_tb.v" into library xil_defaultlib
INFO: [VRFC 10-311] analyzing module gt_app_TB
INFO: [VRFC 10-2263] Analyzing Verilog file "c:/Users/Administrator/Desktop/GT/gt_app_tx/gt_app_ex/gt_app_ex.sim/sim_1/behav/xsim/glbl.v" into library xil_defaultlib
INFO: [VRFC 10-311] analyzing module glbl
WARNING: [VRFC 10-3609] overwriting previous definition of module 'glbl' [c:/Users/Administrator/Desktop/GT/gt_app_tx/gt_app_ex/gt_app_ex.sim/sim_1/behav/xsim/glbl.v:6]
