#-----------------------------------------------------------
# Vivado v2018.3 (64-bit)
# SW Build 2405991 on Thu Dec  6 23:38:27 MST 2018
# IP Build 2404404 on Fri Dec  7 01:43:56 MST 2018
# Start of session at: Sun Jun 14 19:43:28 2026
# Process ID: 17512
# Current directory: E:/work/prj_test/GT/gt_app_tx/gt_app_ex
# Command line: vivado.exe -gui_launcher_event rodinguilauncherevent2864 E:\work\prj_test\GT\gt_app_tx\gt_app_ex\gt_app_ex.xpr
# Log file: E:/work/prj_test/GT/gt_app_tx/gt_app_ex/vivado.log
# Journal file: E:/work/prj_test/GT/gt_app_tx/gt_app_ex\vivado.jou
#-----------------------------------------------------------
start_gui
open_project E:/work/prj_test/GT/gt_app_tx/gt_app_ex/gt_app_ex.xpr
Scanning sources...
Finished scanning sources
INFO: [IP_Flow 19-234] Refreshing IP repositories
INFO: [IP_Flow 19-1704] No user IP repositories specified
INFO: [IP_Flow 19-2313] Loaded Vivado IP repository 'C:/Xilinx/Vivado/2018.3/data/ip'.
update_compile_order -fileset sources_1
set_property compxlib.modelsim_compiled_library_dir C:/modeltech64_10.7/vivado_lib [current_project]
launch_simulation -install_path C:/modeltech64_10.7/win64
INFO: [Vivado 12-5698] Checking validity of IPs in the design for the 'ModelSim' simulator...
INFO: [Vivado 12-5682] Launching behavioral simulation in 'E:/work/prj_test/GT/gt_app_tx/gt_app_ex/gt_app_ex.sim/sim_1/behav/modelsim'
INFO: [Vivado 12-4795] Using compiled simulation libraries for IPs
INFO: [USF-ModelSim-47] Finding simulator installation...
INFO: [USF-ModelSim-50] Using simulator executables from 'C:/modeltech64_10.7/win64/vsim.exe'
INFO: [SIM-utils-51] Simulation object is 'sim_1'
INFO: [USF-modelsim-7] Finding pre-compiled libraries...
INFO: [USF-modelsim-11] File 'C:/modeltech64_10.7/vivado_lib/modelsim.ini' copied to run dir:'E:/work/prj_test/GT/gt_app_tx/gt_app_ex/gt_app_ex.sim/sim_1/behav/modelsim'
INFO: [SIM-utils-54] Inspecting design source files for 'gt_app_TB' in fileset 'sim_1'...
INFO: [SIM-utils-43] Exported 'E:/work/prj_test/GT/gt_app_tx/gt_app_ex/gt_app_ex.sim/sim_1/behav/modelsim/gt_rom_init_tx.dat'
INFO: [SIM-utils-43] Exported 'E:/work/prj_test/GT/gt_app_tx/gt_app_ex/gt_app_ex.sim/sim_1/behav/modelsim/gt_rom_init_tx.dat'
INFO: [SIM-utils-43] Exported 'E:/work/prj_test/GT/gt_app_tx/gt_app_ex/gt_app_ex.sim/sim_1/behav/modelsim/gt_rom_init_rx.dat'
INFO: [SIM-utils-43] Exported 'E:/work/prj_test/GT/gt_app_tx/gt_app_ex/gt_app_ex.sim/sim_1/behav/modelsim/gt_rom_init_tx.dat'
INFO: [SIM-utils-43] Exported 'E:/work/prj_test/GT/gt_app_tx/gt_app_ex/gt_app_ex.sim/sim_1/behav/modelsim/gt_rom_init_rx.dat'
INFO: [USF-ModelSim-107] Finding global include files...
INFO: [USF-ModelSim-108] Finding include directories and verilog header directory paths...
INFO: [USF-ModelSim-109] Fetching design files from 'sim_1'...
INFO: [USF-ModelSim-2] ModelSim::Compile design
INFO: [USF-ModelSim-15] Creating automatic 'do' files...
INFO: [USF-ModelSim-69] Executing 'COMPILE and ANALYZE' step in 'E:/work/prj_test/GT/gt_app_tx/gt_app_ex/gt_app_ex.sim/sim_1/behav/modelsim'
Reading C:/modeltech64_10.7/tcl/vsim/pref.tcl

# 10.7

# do {gt_app_TB_compile.do}
# Model Technology ModelSim SE-64 vmap 10.7 Lib Mapping Utility 2017.12 Dec  7 2017
# vmap xil_defaultlib modelsim_lib/msim/xil_defaultlib 
# Modifying modelsim.ini
# ** Warning: (vlog-159) Mode option -64 is not supported in this context and will be ignored.
# Model Technology ModelSim SE-64 vlog 10.7 Compiler 2017.12 Dec  7 2017
# Start time: 19:44:52 on Jun 14,2026
# vlog -64 -incr -work xil_defaultlib ../../../../gt_app_ex.srcs/sources_1/ip/gt_app/gt_app/example_design/gt_app_tx_startup_fsm.v ../../../../gt_app_ex.srcs/sources_1/ip/gt_app/gt_app/example_design/gt_app_rx_startup_fsm.v ../../../../gt_app_ex.srcs/sources_1/ip/gt_app/gt_app_init.v ../../../../gt_app_ex.srcs/sources_1/ip/gt_app/gt_app_gt.v ../../../../gt_app_ex.srcs/sources_1/ip/gt_app/gt_app_multi_gt.v ../../../../gt_app_ex.srcs/sources_1/ip/gt_app/gt_app/example_design/gt_app_sync_block.v ../../../../gt_app_ex.srcs/sources_1/ip/gt_app/gt_app.v ../../../../gt_app_ex.srcs/sources_1/imports/example_design/support/gt_app_clock_module.v ../../../../gt_app_ex.srcs/sources_1/imports/example_design/support/gt_app_common.v ../../../../gt_app_ex.srcs/sources_1/imports/example_design/support/gt_app_common_reset.v ../../../../gt_app_ex.srcs/sources_1/imports/example_design/gt_app_exdes.v ../../../../gt_app_ex.srcs/sources_1/imports/example_design/gt_app_gt_frame_gen.v ../../../../gt_app_ex.srcs/sources_1/imports/example_design/support/gt_app_gt_usrclk_source.v ../../../../gt_app_ex.srcs/sources_1/imports/example_design/support/gt_app_support.v ../../../../gt_app_ex.srcs/sources_1/ip/rx_gt_app/rx_gt_app/example_design/support/rx_gt_app_common.v ../../../../gt_app_ex.srcs/sources_1/ip/rx_gt_app/rx_gt_app/example_design/support/rx_gt_app_common_reset.v ../../../../gt_app_ex.srcs/sources_1/ip/rx_gt_app/rx_gt_app/example_design/rx_gt_app_exdes.v ../../../../gt_app_ex.srcs/sources_1/ip/rx_gt_app/rx_gt_app/example_design/rx_gt_app_gt_frame_check.v ../../../../gt_app_ex.srcs/sources_1/ip/rx_gt_app/rx_gt_app/example_design/support/rx_gt_app_gt_usrclk_source.v ../../../../gt_app_ex.srcs/sources_1/ip/rx_gt_app/rx_gt_app_sim_netlist.v ../../../../gt_app_ex.srcs/sources_1/ip/rx_gt_app/rx_gt_app/example_design/support/rx_gt_app_support.v ../../../../gt_app_ex.srcs/sim_1/imports/simulation/gt_app_tb.v 
# -- Compiling module gt_app_TX_STARTUP_FSM
# -- Compiling module gt_app_RX_STARTUP_FSM
# -- Compiling module gt_app_init
# -- Compiling module gt_app_GT
# -- Compiling module gt_app_multi_gt
# -- Compiling module gt_app_sync_block
# -- Compiling module gt_app
# -- Compiling module gt_app_CLOCK_MODULE
# -- Compiling module gt_app_common
# -- Compiling module gt_app_common_reset
# ** Error: ../../../../gt_app_ex.srcs/sources_1/imports/example_design/gt_app_exdes.v(93): (vlog-2730) Undefined variable: 'gt0_txfsmresetdone_r'.
# ** Error: ../../../../gt_app_ex.srcs/sources_1/imports/example_design/gt_app_exdes.v(94): (vlog-2730) Undefined variable: 'gt0_txfsmresetdone_r2'.
# -- Compiling module gt_app_GT_FRAME_GEN
# -- Compiling module gt_app_GT_USRCLK_SOURCE
# -- Compiling module gt_app_support
# -- Compiling module rx_gt_app_common
# -- Compiling module rx_gt_app_common_reset
# -- Compiling module rx_gt_app_exdes
# -- Compiling module rx_gt_app_GT_FRAME_CHECK
# -- Compiling module rx_gt_app_GT_USRCLK_SOURCE
# -- Compiling module rx_gt_app
# -- Compiling module rx_gt_app_rx_gt_app_GT
# -- Compiling module rx_gt_app_rx_gt_app_RX_STARTUP_FSM
# -- Compiling module rx_gt_app_rx_gt_app_init
# -- Compiling module rx_gt_app_rx_gt_app_multi_gt
# -- Compiling module rx_gt_app_rx_gt_app_sync_block
# -- Compiling module rx_gt_app_rx_gt_app_sync_block_0
# -- Compiling module rx_gt_app_rx_gt_app_sync_block_1
# -- Compiling module rx_gt_app_rx_gt_app_sync_block_2
# -- Compiling module rx_gt_app_rx_gt_app_sync_block_3
# -- Compiling module rx_gt_app_rx_gt_app_sync_block_4
# -- Compiling module rx_gt_app_rx_gt_app_sync_block_5
# -- Compiling module glbl
# -- Compiling module rx_gt_app_support
# -- Compiling module gt_app_TB
# End time: 19:44:52 on Jun 14,2026, Elapsed time: 0:00:00
# Errors: 2, Warnings: 1
# child process exited abnormally
# Error in macro ./gt_app_TB_compile.do line 39
# ** Warning: (vlog-159) Mode option -64 is not supported in this context and will be ignored.
# Model Technology ModelSim SE-64 vlog 10.7 Compiler 2017.12 Dec  7 2017
# Start time: 19:44:52 on Jun 14,2026
# vlog -64 -incr -work xil_defaultlib ../../../../gt_app_ex.srcs/sources_1/ip/gt_app/gt_app/example_design/gt_app_tx_startup_fsm.v ../../../../gt_app_ex.srcs/sources_1/ip/gt_app/gt_app/example_design/gt_app_rx_startup_fsm.v ../../../../gt_app_ex.srcs/sources_1/ip/gt_app/gt_app_init.v ../../../../gt_app_ex.srcs/sources_1/ip/gt_app/gt_app_gt.v ../../../../gt_app_ex.srcs/sources_1/ip/gt_app/gt_app_multi_gt.v ../../../../gt_app_ex.srcs/sources_1/ip/gt_app/gt_app/example_design/gt_app_sync_block.v ../../../../gt_app_ex.srcs/sources_1/ip/gt_app/gt_app.v ../../../../gt_app_ex.srcs/sources_1/imports/example_design/support/gt_app_clock_module.v ../../../../gt_app_ex.srcs/sources_1/imports/example_design/support/gt_app_common.v ../../../../gt_app_ex.srcs/sources_1/imports/example_design/support/gt_app_common_reset.v ../../../../gt_app_ex.srcs/sources_1/imports/example_design/gt_app_exdes.v ../../../../gt_app_ex.srcs/sources_1/imports/example_design/gt_app_gt_frame_gen.v ../../../../gt_app_ex.srcs/sources_1/imports/example_design/support/gt_app_gt_usrclk_source.v ../../../../gt_app_ex.srcs/sources_1/imports/example_design/support/gt_app_support.v ../../../../gt_app_ex.srcs/sources_1/ip/rx_gt_app/rx_gt_app/example_design/support/rx_gt_app_common.v ../../../../gt_app_ex.srcs/sources_1/ip/rx_gt_app/rx_gt_app/example_design/support/rx_gt_app_common_reset.v ../../../../gt_app_ex.srcs/sources_1/ip/rx_gt_app/rx_gt_app/example_design/rx_gt_app_exdes.v ../../../../gt_app_ex.srcs/sources_1/ip/rx_gt_app/rx_gt_app/example_design/rx_gt_app_gt_frame_check.v ../../../../gt_app_ex.srcs/sources_1/ip/rx_gt_app/rx_gt_app/example_design/support/rx_gt_app_gt_usrclk_source.v ../../../../gt_app_ex.srcs/sources_1/ip/rx_gt_app/rx_gt_app_sim_netlist.v ../../../../gt_app_ex.srcs/sources_1/ip/rx_gt_app/rx_gt_app/example_design/support/rx_gt_app_support.v ../../../../gt_app_ex.srcs/sim_1/imports/simulation/gt_app_tb.v 
# -- Compiling module gt_app_TX_STARTUP_FSM
# -- Compiling module gt_app_RX_STARTUP_FSM
# -- Compiling module gt_app_init
# -- Compiling module gt_app_GT
# -- Compiling module gt_app_multi_gt
# -- Compiling module gt_app_sync_block
# -- Compiling module gt_app
# -- Compiling module gt_app_CLOCK_MODULE
# -- Compiling module gt_app_common
# -- Compiling module gt_app_common_reset
# ** Error: ../../../../gt_app_ex.srcs/sources_1/imports/example_design/gt_app_exdes.v(93): (vlog-2730) Undefined variable: 'gt0_txfsmresetdone_r'.
# ** Error: ../../../../gt_app_ex.srcs/sources_1/imports/example_design/gt_app_exdes.v(94): (vlog-2730) Undefined variable: 'gt0_txfsmresetdone_r2'.
# -- Compiling module gt_app_GT_FRAME_GEN
# -- Compiling module gt_app_GT_USRCLK_SOURCE
# -- Compiling module gt_app_support
# -- Compiling module rx_gt_app_common
# -- Compiling module rx_gt_app_common_reset
# -- Compiling module rx_gt_app_exdes
# -- Compiling module rx_gt_app_GT_FRAME_CHECK
# -- Compiling module rx_gt_app_GT_USRCLK_SOURCE
# -- Compiling module rx_gt_app
# -- Compiling module rx_gt_app_rx_gt_app_GT
# -- Compiling module rx_gt_app_rx_gt_app_RX_STARTUP_FSM
# -- Compiling module rx_gt_app_rx_gt_app_init
# -- Compiling module rx_gt_app_rx_gt_app_multi_gt
# -- Compiling module rx_gt_app_rx_gt_app_sync_block
# -- Compiling module rx_gt_app_rx_gt_app_sync_block_0
# -- Compiling module rx_gt_app_rx_gt_app_sync_block_1
# -- Compiling module rx_gt_app_rx_gt_app_sync_block_2
# -- Compiling module rx_gt_app_rx_gt_app_sync_block_3
# -- Compiling module rx_gt_app_rx_gt_app_sync_block_4
# -- Compiling module rx_gt_app_rx_gt_app_sync_block_5
# -- Compiling module glbl
# -- Compiling module rx_gt_app_support
# -- Compiling module gt_app_TB
# End time: 19:44:52 on Jun 14,2026, Elapsed time: 0:00:00
# Errors: 2, Warnings: 1
# child process exited abnormally
#     while executing
# "exec <nul: {C:\modeltech64_10.7\win64\vlog.EXE} -64 -incr -work xil_defaultlib ../../../../gt_app_ex.srcs/sources_1/ip/gt_app/gt_app/example_design/gt..."
#     ("uplevel" body line 1)
#     invoked from within
# "uplevel 1 exec $redir $new [lrange $args 1 end]"
#     (procedure "::unknown" line 47)
#     invoked from within
# "C:\\modeltech64_10.7\\win64\\vlog -64 -incr -work xil_defaultlib  \
# "../../../../gt_app_ex.srcs/sources_1/ip/gt_app/gt_app/example_design/gt_app_tx_st..."
ModelSim> INFO: [Common 17-41] Interrupt caught. Command should exit soon.
run_program: Time (s): cpu = 00:00:04 ; elapsed = 00:00:24 . Memory (MB): peak = 856.535 ; gain = 0.000
INFO: [Common 17-344] 'run_program' was cancelled
INFO: [Vivado 12-5357] 'compile' step aborted
launch_simulation: Time (s): cpu = 00:00:04 ; elapsed = 00:00:24 . Memory (MB): peak = 856.535 ; gain = 0.000
INFO: [Common 17-344] 'launch_simulation' was cancelled
launch_simulation -install_path C:/modeltech64_10.7/win64
INFO: [Vivado 12-5698] Checking validity of IPs in the design for the 'ModelSim' simulator...
INFO: [Vivado 12-5682] Launching behavioral simulation in 'E:/work/prj_test/GT/gt_app_tx/gt_app_ex/gt_app_ex.sim/sim_1/behav/modelsim'
INFO: [Vivado 12-4795] Using compiled simulation libraries for IPs
INFO: [USF-ModelSim-47] Finding simulator installation...
INFO: [USF-ModelSim-50] Using simulator executables from 'C:/modeltech64_10.7/win64/vsim.exe'
INFO: [SIM-utils-51] Simulation object is 'sim_1'
INFO: [USF-modelsim-7] Finding pre-compiled libraries...
INFO: [USF-modelsim-11] File 'C:/modeltech64_10.7/vivado_lib/modelsim.ini' copied to run dir:'E:/work/prj_test/GT/gt_app_tx/gt_app_ex/gt_app_ex.sim/sim_1/behav/modelsim'
INFO: [SIM-utils-54] Inspecting design source files for 'gt_app_TB' in fileset 'sim_1'...
INFO: [SIM-utils-43] Exported 'E:/work/prj_test/GT/gt_app_tx/gt_app_ex/gt_app_ex.sim/sim_1/behav/modelsim/gt_rom_init_tx.dat'
INFO: [SIM-utils-43] Exported 'E:/work/prj_test/GT/gt_app_tx/gt_app_ex/gt_app_ex.sim/sim_1/behav/modelsim/gt_rom_init_tx.dat'
INFO: [SIM-utils-43] Exported 'E:/work/prj_test/GT/gt_app_tx/gt_app_ex/gt_app_ex.sim/sim_1/behav/modelsim/gt_rom_init_rx.dat'
INFO: [SIM-utils-43] Exported 'E:/work/prj_test/GT/gt_app_tx/gt_app_ex/gt_app_ex.sim/sim_1/behav/modelsim/gt_rom_init_tx.dat'
INFO: [SIM-utils-43] Exported 'E:/work/prj_test/GT/gt_app_tx/gt_app_ex/gt_app_ex.sim/sim_1/behav/modelsim/gt_rom_init_rx.dat'
INFO: [USF-ModelSim-107] Finding global include files...
INFO: [USF-ModelSim-108] Finding include directories and verilog header directory paths...
INFO: [USF-ModelSim-109] Fetching design files from 'sim_1'...
INFO: [USF-ModelSim-2] ModelSim::Compile design
INFO: [USF-ModelSim-15] Creating automatic 'do' files...
INFO: [USF-ModelSim-69] Executing 'COMPILE and ANALYZE' step in 'E:/work/prj_test/GT/gt_app_tx/gt_app_ex/gt_app_ex.sim/sim_1/behav/modelsim'
Reading C:/modeltech64_10.7/tcl/vsim/pref.tcl

# 10.7

# do {gt_app_TB_compile.do}
# ** Warning: (vlib-34) Library already exists at "modelsim_lib/work".
# ** Warning: (vlib-34) Library already exists at "modelsim_lib/msim".
# ** Warning: (vlib-34) Library already exists at "modelsim_lib/msim/xil_defaultlib".
# Model Technology ModelSim SE-64 vmap 10.7 Lib Mapping Utility 2017.12 Dec  7 2017
# vmap xil_defaultlib modelsim_lib/msim/xil_defaultlib 
# Modifying modelsim.ini
# ** Warning: (vlog-159) Mode option -64 is not supported in this context and will be ignored.
# Model Technology ModelSim SE-64 vlog 10.7 Compiler 2017.12 Dec  7 2017
# Start time: 19:46:58 on Jun 14,2026
# vlog -64 -incr -work xil_defaultlib ../../../../gt_app_ex.srcs/sources_1/ip/gt_app/gt_app/example_design/gt_app_tx_startup_fsm.v ../../../../gt_app_ex.srcs/sources_1/ip/gt_app/gt_app/example_design/gt_app_rx_startup_fsm.v ../../../../gt_app_ex.srcs/sources_1/ip/gt_app/gt_app_init.v ../../../../gt_app_ex.srcs/sources_1/ip/gt_app/gt_app_gt.v ../../../../gt_app_ex.srcs/sources_1/ip/gt_app/gt_app_multi_gt.v ../../../../gt_app_ex.srcs/sources_1/ip/gt_app/gt_app/example_design/gt_app_sync_block.v ../../../../gt_app_ex.srcs/sources_1/ip/gt_app/gt_app.v ../../../../gt_app_ex.srcs/sources_1/imports/example_design/support/gt_app_clock_module.v ../../../../gt_app_ex.srcs/sources_1/imports/example_design/support/gt_app_common.v ../../../../gt_app_ex.srcs/sources_1/imports/example_design/support/gt_app_common_reset.v ../../../../gt_app_ex.srcs/sources_1/imports/example_design/gt_app_exdes.v ../../../../gt_app_ex.srcs/sources_1/imports/example_design/gt_app_gt_frame_gen.v ../../../../gt_app_ex.srcs/sources_1/imports/example_design/support/gt_app_gt_usrclk_source.v ../../../../gt_app_ex.srcs/sources_1/imports/example_design/support/gt_app_support.v ../../../../gt_app_ex.srcs/sources_1/ip/rx_gt_app/rx_gt_app/example_design/support/rx_gt_app_common.v ../../../../gt_app_ex.srcs/sources_1/ip/rx_gt_app/rx_gt_app/example_design/support/rx_gt_app_common_reset.v ../../../../gt_app_ex.srcs/sources_1/ip/rx_gt_app/rx_gt_app/example_design/rx_gt_app_exdes.v ../../../../gt_app_ex.srcs/sources_1/ip/rx_gt_app/rx_gt_app/example_design/rx_gt_app_gt_frame_check.v ../../../../gt_app_ex.srcs/sources_1/ip/rx_gt_app/rx_gt_app/example_design/support/rx_gt_app_gt_usrclk_source.v ../../../../gt_app_ex.srcs/sources_1/ip/rx_gt_app/rx_gt_app_sim_netlist.v ../../../../gt_app_ex.srcs/sources_1/ip/rx_gt_app/rx_gt_app/example_design/support/rx_gt_app_support.v ../../../../gt_app_ex.srcs/sim_1/imports/simulation/gt_app_tb.v 
# -- Skipping module gt_app_TX_STARTUP_FSM
# -- Skipping module gt_app_RX_STARTUP_FSM
# -- Skipping module gt_app_init
# -- Skipping module gt_app_GT
# -- Skipping module gt_app_multi_gt
# -- Skipping module gt_app_sync_block
# -- Skipping module gt_app
# -- Skipping module gt_app_CLOCK_MODULE
# -- Skipping module gt_app_common
# -- Skipping module gt_app_common_reset
# -- Compiling module gt_app_exdes
# -- Skipping module gt_app_GT_FRAME_GEN
# -- Skipping module gt_app_GT_USRCLK_SOURCE
# -- Skipping module gt_app_support
# -- Skipping module rx_gt_app_common
# -- Skipping module rx_gt_app_common_reset
# -- Skipping module rx_gt_app_exdes
# -- Skipping module rx_gt_app_GT_FRAME_CHECK
# -- Skipping module rx_gt_app_GT_USRCLK_SOURCE
# -- Skipping module rx_gt_app
# -- Skipping module rx_gt_app_rx_gt_app_GT
# -- Skipping module rx_gt_app_rx_gt_app_RX_STARTUP_FSM
# -- Skipping module rx_gt_app_rx_gt_app_init
# -- Skipping module rx_gt_app_rx_gt_app_multi_gt
# -- Skipping module rx_gt_app_rx_gt_app_sync_block
# -- Skipping module rx_gt_app_rx_gt_app_sync_block_0
# -- Skipping module rx_gt_app_rx_gt_app_sync_block_1
# -- Skipping module rx_gt_app_rx_gt_app_sync_block_2
# -- Skipping module rx_gt_app_rx_gt_app_sync_block_3
# -- Skipping module rx_gt_app_rx_gt_app_sync_block_4
# -- Skipping module rx_gt_app_rx_gt_app_sync_block_5
# -- Skipping module glbl
# -- Skipping module rx_gt_app_support
# -- Skipping module gt_app_TB
# 
# Top level modules:
# 	gt_app_RX_STARTUP_FSM
# 	glbl
# 	gt_app_TB
# End time: 19:46:58 on Jun 14,2026, Elapsed time: 0:00:00
# Errors: 0, Warnings: 1
# Model Technology ModelSim SE-64 vlog 10.7 Compiler 2017.12 Dec  7 2017
# Start time: 19:46:59 on Jun 14,2026
# vlog -work xil_defaultlib glbl.v 
# -- Compiling module glbl
# 
# Top level modules:
# 	glbl
# End time: 19:46:59 on Jun 14,2026, Elapsed time: 0:00:00
# Errors: 0, Warnings: 0
INFO: [USF-ModelSim-69] 'compile' step finished in '1' seconds
INFO: [USF-ModelSim-4] ModelSim::Simulate design
INFO: [USF-ModelSim-69] Executing 'SIMULATE' step in 'E:/work/prj_test/GT/gt_app_tx/gt_app_ex/gt_app_ex.sim/sim_1/behav/modelsim'
Program launched (PID=26036)
launch_simulation -install_path C:/modeltech64_10.7/win64
INFO: [Vivado 12-5698] Checking validity of IPs in the design for the 'ModelSim' simulator...
INFO: [Vivado 12-5682] Launching behavioral simulation in 'E:/work/prj_test/GT/gt_app_tx/gt_app_ex/gt_app_ex.sim/sim_1/behav/modelsim'
INFO: [Vivado 12-4795] Using compiled simulation libraries for IPs
INFO: [USF-ModelSim-47] Finding simulator installation...
INFO: [USF-ModelSim-50] Using simulator executables from 'C:/modeltech64_10.7/win64/vsim.exe'
INFO: [SIM-utils-51] Simulation object is 'sim_1'
INFO: [USF-modelsim-7] Finding pre-compiled libraries...
INFO: [USF-modelsim-11] File 'C:/modeltech64_10.7/vivado_lib/modelsim.ini' copied to run dir:'E:/work/prj_test/GT/gt_app_tx/gt_app_ex/gt_app_ex.sim/sim_1/behav/modelsim'
INFO: [SIM-utils-54] Inspecting design source files for 'gt_app_TB' in fileset 'sim_1'...
INFO: [SIM-utils-43] Exported 'E:/work/prj_test/GT/gt_app_tx/gt_app_ex/gt_app_ex.sim/sim_1/behav/modelsim/gt_rom_init_tx.dat'
INFO: [SIM-utils-43] Exported 'E:/work/prj_test/GT/gt_app_tx/gt_app_ex/gt_app_ex.sim/sim_1/behav/modelsim/gt_rom_init_tx.dat'
INFO: [SIM-utils-43] Exported 'E:/work/prj_test/GT/gt_app_tx/gt_app_ex/gt_app_ex.sim/sim_1/behav/modelsim/gt_rom_init_rx.dat'
INFO: [SIM-utils-43] Exported 'E:/work/prj_test/GT/gt_app_tx/gt_app_ex/gt_app_ex.sim/sim_1/behav/modelsim/gt_rom_init_tx.dat'
INFO: [SIM-utils-43] Exported 'E:/work/prj_test/GT/gt_app_tx/gt_app_ex/gt_app_ex.sim/sim_1/behav/modelsim/gt_rom_init_rx.dat'
INFO: [USF-ModelSim-107] Finding global include files...
INFO: [USF-ModelSim-108] Finding include directories and verilog header directory paths...
INFO: [USF-ModelSim-109] Fetching design files from 'sim_1'...
INFO: [USF-ModelSim-2] ModelSim::Compile design
INFO: [USF-ModelSim-15] Creating automatic 'do' files...
INFO: [USF-ModelSim-69] Executing 'COMPILE and ANALYZE' step in 'E:/work/prj_test/GT/gt_app_tx/gt_app_ex/gt_app_ex.sim/sim_1/behav/modelsim'
Reading C:/modeltech64_10.7/tcl/vsim/pref.tcl

# 10.7

# do {gt_app_TB_compile.do}
# ** Warning: (vlib-34) Library already exists at "modelsim_lib/work".
# ** Warning: (vlib-34) Library already exists at "modelsim_lib/msim".
# ** Warning: (vlib-34) Library already exists at "modelsim_lib/msim/xil_defaultlib".
# Model Technology ModelSim SE-64 vmap 10.7 Lib Mapping Utility 2017.12 Dec  7 2017
# vmap xil_defaultlib modelsim_lib/msim/xil_defaultlib 
# Modifying modelsim.ini
# ** Warning: (vlog-159) Mode option -64 is not supported in this context and will be ignored.
# Model Technology ModelSim SE-64 vlog 10.7 Compiler 2017.12 Dec  7 2017
# Start time: 19:49:18 on Jun 14,2026
# vlog -64 -incr -work xil_defaultlib ../../../../gt_app_ex.srcs/sources_1/ip/gt_app/gt_app/example_design/gt_app_tx_startup_fsm.v ../../../../gt_app_ex.srcs/sources_1/ip/gt_app/gt_app/example_design/gt_app_rx_startup_fsm.v ../../../../gt_app_ex.srcs/sources_1/ip/gt_app/gt_app_init.v ../../../../gt_app_ex.srcs/sources_1/ip/gt_app/gt_app_gt.v ../../../../gt_app_ex.srcs/sources_1/ip/gt_app/gt_app_multi_gt.v ../../../../gt_app_ex.srcs/sources_1/ip/gt_app/gt_app/example_design/gt_app_sync_block.v ../../../../gt_app_ex.srcs/sources_1/ip/gt_app/gt_app.v ../../../../gt_app_ex.srcs/sources_1/imports/example_design/support/gt_app_clock_module.v ../../../../gt_app_ex.srcs/sources_1/imports/example_design/support/gt_app_common.v ../../../../gt_app_ex.srcs/sources_1/imports/example_design/support/gt_app_common_reset.v ../../../../gt_app_ex.srcs/sources_1/imports/example_design/gt_app_exdes.v ../../../../gt_app_ex.srcs/sources_1/imports/example_design/gt_app_gt_frame_gen.v ../../../../gt_app_ex.srcs/sources_1/imports/example_design/support/gt_app_gt_usrclk_source.v ../../../../gt_app_ex.srcs/sources_1/imports/example_design/support/gt_app_support.v ../../../../gt_app_ex.srcs/sources_1/ip/rx_gt_app/rx_gt_app/example_design/support/rx_gt_app_common.v ../../../../gt_app_ex.srcs/sources_1/ip/rx_gt_app/rx_gt_app/example_design/support/rx_gt_app_common_reset.v ../../../../gt_app_ex.srcs/sources_1/ip/rx_gt_app/rx_gt_app/example_design/rx_gt_app_exdes.v ../../../../gt_app_ex.srcs/sources_1/ip/rx_gt_app/rx_gt_app/example_design/rx_gt_app_gt_frame_check.v ../../../../gt_app_ex.srcs/sources_1/ip/rx_gt_app/rx_gt_app/example_design/support/rx_gt_app_gt_usrclk_source.v ../../../../gt_app_ex.srcs/sources_1/ip/rx_gt_app/rx_gt_app_sim_netlist.v ../../../../gt_app_ex.srcs/sources_1/ip/rx_gt_app/rx_gt_app/example_design/support/rx_gt_app_support.v ../../../../gt_app_ex.srcs/sim_1/imports/simulation/gt_app_tb.v 
# -- Skipping module gt_app_TX_STARTUP_FSM
# -- Skipping module gt_app_RX_STARTUP_FSM
# -- Skipping module gt_app_init
# -- Skipping module gt_app_GT
# -- Skipping module gt_app_multi_gt
# -- Skipping module gt_app_sync_block
# -- Skipping module gt_app
# -- Skipping module gt_app_CLOCK_MODULE
# -- Skipping module gt_app_common
# -- Skipping module gt_app_common_reset
# -- Skipping module gt_app_exdes
# -- Skipping module gt_app_GT_FRAME_GEN
# -- Skipping module gt_app_GT_USRCLK_SOURCE
# -- Skipping module gt_app_support
# -- Skipping module rx_gt_app_common
# -- Skipping module rx_gt_app_common_reset
# -- Skipping module rx_gt_app_exdes
# -- Skipping module rx_gt_app_GT_FRAME_CHECK
# -- Skipping module rx_gt_app_GT_USRCLK_SOURCE
# -- Skipping module rx_gt_app
# -- Skipping module rx_gt_app_rx_gt_app_GT
# -- Skipping module rx_gt_app_rx_gt_app_RX_STARTUP_FSM
# -- Skipping module rx_gt_app_rx_gt_app_init
# -- Skipping module rx_gt_app_rx_gt_app_multi_gt
# -- Skipping module rx_gt_app_rx_gt_app_sync_block
# -- Skipping module rx_gt_app_rx_gt_app_sync_block_0
# -- Skipping module rx_gt_app_rx_gt_app_sync_block_1
# -- Skipping module rx_gt_app_rx_gt_app_sync_block_2
# -- Skipping module rx_gt_app_rx_gt_app_sync_block_3
# -- Skipping module rx_gt_app_rx_gt_app_sync_block_4
# -- Skipping module rx_gt_app_rx_gt_app_sync_block_5
# -- Compiling module glbl
# -- Skipping module rx_gt_app_support
# -- Compiling module gt_app_TB
# 
# Top level modules:
# 	gt_app_RX_STARTUP_FSM
# 	glbl
# 	gt_app_TB
# End time: 19:49:18 on Jun 14,2026, Elapsed time: 0:00:00
# Errors: 0, Warnings: 1
# Model Technology ModelSim SE-64 vlog 10.7 Compiler 2017.12 Dec  7 2017
# Start time: 19:49:18 on Jun 14,2026
# vlog -work xil_defaultlib glbl.v 
# -- Compiling module glbl
# 
# Top level modules:
# 	glbl
# End time: 19:49:18 on Jun 14,2026, Elapsed time: 0:00:00
# Errors: 0, Warnings: 0
INFO: [USF-ModelSim-69] 'compile' step finished in '2' seconds
INFO: [USF-ModelSim-4] ModelSim::Simulate design
INFO: [USF-ModelSim-69] Executing 'SIMULATE' step in 'E:/work/prj_test/GT/gt_app_tx/gt_app_ex/gt_app_ex.sim/sim_1/behav/modelsim'
Program launched (PID=18448)
