
*** Running vivado
    with args -log gt_app.vds -m64 -product Vivado -mode batch -messageDb vivado.pb -notrace -source gt_app.tcl


****** Vivado v2018.3 (64-bit)
  **** SW Build 2405991 on Thu Dec  6 23:38:27 MST 2018
  **** IP Build 2404404 on Fri Dec  7 01:43:56 MST 2018
    ** Copyright 1986-2018 Xilinx, Inc. All Rights Reserved.

source gt_app.tcl -notrace
Command: synth_design -top gt_app -part xc7k325tffg676-2 -mode out_of_context
Starting synth_design
Attempting to get a license for feature 'Synthesis' and/or device 'xc7k325t'
INFO: [Common 17-349] Got license for feature 'Synthesis' and/or device 'xc7k325t'
INFO: Launching helper process for spawning children vivado processes
INFO: Helper process launched with PID 18656 
---------------------------------------------------------------------------------
Starting RTL Elaboration : Time (s): cpu = 00:00:01 ; elapsed = 00:00:02 . Memory (MB): peak = 471.020 ; gain = 99.238
---------------------------------------------------------------------------------
INFO: [Synth 8-6157] synthesizing module 'gt_app' [c:/Users/Administrator/Desktop/GT/gt_app/gt_app.srcs/sources_1/ip/gt_app/gt_app.v:73]
INFO: [Synth 8-6157] synthesizing module 'gt_app_init' [c:/Users/Administrator/Desktop/GT/gt_app/gt_app.srcs/sources_1/ip/gt_app/gt_app_init.v:71]
	Parameter EXAMPLE_SIM_GTRESET_SPEEDUP bound to: TRUE - type: string 
	Parameter EXAMPLE_SIMULATION bound to: 0 - type: integer 
	Parameter STABLE_CLOCK_PERIOD bound to: 10 - type: integer 
	Parameter EXAMPLE_USE_CHIPSCOPE bound to: 0 - type: integer 
	Parameter RX_CDRLOCK_TIME bound to: 10000 - type: integer 
	Parameter WAIT_TIME_CDRLOCK bound to: 1000 - type: integer 
INFO: [Synth 8-6157] synthesizing module 'gt_app_multi_gt' [c:/Users/Administrator/Desktop/GT/gt_app/gt_app.srcs/sources_1/ip/gt_app/gt_app_multi_gt.v:70]
	Parameter WRAPPER_SIM_GTRESET_SPEEDUP bound to: TRUE - type: string 
	Parameter RX_DFE_KL_CFG2_IN bound to: 806439084 - type: integer 
	Parameter PMA_RSV_IN bound to: 1994880 - type: integer 
	Parameter QPLL_FBDIV_TOP bound to: 64 - type: integer 
	Parameter QPLL_FBDIV_IN bound to: 10'b0011100000 
	Parameter QPLL_FBDIV_RATIO bound to: 1'b1 
INFO: [Synth 8-6157] synthesizing module 'gt_app_GT' [c:/Users/Administrator/Desktop/GT/gt_app/gt_app.srcs/sources_1/ip/gt_app/gt_app_gt.v:71]
	Parameter GT_SIM_GTRESET_SPEEDUP bound to: TRUE - type: string 
	Parameter RX_DFE_KL_CFG2_IN bound to: 806439084 - type: integer 
	Parameter SIM_CPLLREFCLK_SEL bound to: 3'b001 
	Parameter PMA_RSV_IN bound to: 1994880 - type: integer 
	Parameter PCS_RSVD_ATTR_IN bound to: 48'b000000000000000000000000000000000000000000000000 
INFO: [Synth 8-6157] synthesizing module 'GTXE2_CHANNEL' [C:/Xilinx/Vivado/2018.3/scripts/rt/data/unisim_comp.v:11580]
	Parameter ALIGN_COMMA_DOUBLE bound to: FALSE - type: string 
	Parameter ALIGN_COMMA_ENABLE bound to: 10'b1111111111 
	Parameter ALIGN_COMMA_WORD bound to: 1 - type: integer 
	Parameter ALIGN_MCOMMA_DET bound to: TRUE - type: string 
	Parameter ALIGN_MCOMMA_VALUE bound to: 10'b1010000011 
	Parameter ALIGN_PCOMMA_DET bound to: TRUE - type: string 
	Parameter ALIGN_PCOMMA_VALUE bound to: 10'b0101111100 
	Parameter CBCC_DATA_SOURCE_SEL bound to: ENCODED - type: string 
	Parameter CHAN_BOND_KEEP_ALIGN bound to: FALSE - type: string 
	Parameter CHAN_BOND_MAX_SKEW bound to: 1 - type: integer 
	Parameter CHAN_BOND_SEQ_1_1 bound to: 10'b0000000000 
	Parameter CHAN_BOND_SEQ_1_2 bound to: 10'b0000000000 
	Parameter CHAN_BOND_SEQ_1_3 bound to: 10'b0000000000 
	Parameter CHAN_BOND_SEQ_1_4 bound to: 10'b0000000000 
	Parameter CHAN_BOND_SEQ_1_ENABLE bound to: 4'b1111 
	Parameter CHAN_BOND_SEQ_2_1 bound to: 10'b0000000000 
	Parameter CHAN_BOND_SEQ_2_2 bound to: 10'b0000000000 
	Parameter CHAN_BOND_SEQ_2_3 bound to: 10'b0000000000 
	Parameter CHAN_BOND_SEQ_2_4 bound to: 10'b0000000000 
	Parameter CHAN_BOND_SEQ_2_ENABLE bound to: 4'b1111 
	Parameter CHAN_BOND_SEQ_2_USE bound to: FALSE - type: string 
	Parameter CHAN_BOND_SEQ_LEN bound to: 1 - type: integer 
	Parameter CLK_CORRECT_USE bound to: FALSE - type: string 
	Parameter CLK_COR_KEEP_IDLE bound to: FALSE - type: string 
	Parameter CLK_COR_MAX_LAT bound to: 19 - type: integer 
	Parameter CLK_COR_MIN_LAT bound to: 15 - type: integer 
	Parameter CLK_COR_PRECEDENCE bound to: TRUE - type: string 
	Parameter CLK_COR_REPEAT_WAIT bound to: 0 - type: integer 
	Parameter CLK_COR_SEQ_1_1 bound to: 10'b0100000000 
	Parameter CLK_COR_SEQ_1_2 bound to: 10'b0000000000 
	Parameter CLK_COR_SEQ_1_3 bound to: 10'b0000000000 
	Parameter CLK_COR_SEQ_1_4 bound to: 10'b0000000000 
	Parameter CLK_COR_SEQ_1_ENABLE bound to: 4'b1111 
	Parameter CLK_COR_SEQ_2_1 bound to: 10'b0100000000 
	Parameter CLK_COR_SEQ_2_2 bound to: 10'b0000000000 
	Parameter CLK_COR_SEQ_2_3 bound to: 10'b0000000000 
	Parameter CLK_COR_SEQ_2_4 bound to: 10'b0000000000 
	Parameter CLK_COR_SEQ_2_ENABLE bound to: 4'b1111 
	Parameter CLK_COR_SEQ_2_USE bound to: FALSE - type: string 
	Parameter CLK_COR_SEQ_LEN bound to: 1 - type: integer 
	Parameter CPLL_CFG bound to: 24'b101111000000011111011100 
	Parameter CPLL_FBDIV bound to: 4 - type: integer 
	Parameter CPLL_FBDIV_45 bound to: 5 - type: integer 
	Parameter CPLL_INIT_CFG bound to: 24'b000000000000000000011110 
	Parameter CPLL_LOCK_CFG bound to: 16'b0000000111101000 
	Parameter CPLL_REFCLK_DIV bound to: 1 - type: integer 
	Parameter DEC_MCOMMA_DETECT bound to: TRUE - type: string 
	Parameter DEC_PCOMMA_DETECT bound to: TRUE - type: string 
	Parameter DEC_VALID_COMMA_ONLY bound to: FALSE - type: string 
	Parameter DMONITOR_CFG bound to: 24'b000000000000101000000000 
	Parameter ES_CONTROL bound to: 6'b000000 
	Parameter ES_ERRDET_EN bound to: FALSE - type: string 
	Parameter ES_EYE_SCAN_EN bound to: TRUE - type: string 
	Parameter ES_HORZ_OFFSET bound to: 12'b000000000000 
	Parameter ES_PMA_CFG bound to: 10'b0000000000 
	Parameter ES_PRESCALE bound to: 5'b00000 
	Parameter ES_QUALIFIER bound to: 80'b00000000000000000000000000000000000000000000000000000000000000000000000000000000 
	Parameter ES_QUAL_MASK bound to: 80'b00000000000000000000000000000000000000000000000000000000000000000000000000000000 
	Parameter ES_SDATA_MASK bound to: 80'b00000000000000000000000000000000000000000000000000000000000000000000000000000000 
	Parameter ES_VERT_OFFSET bound to: 9'b000000000 
	Parameter FTS_DESKEW_SEQ_ENABLE bound to: 4'b1111 
	Parameter FTS_LANE_DESKEW_CFG bound to: 4'b1111 
	Parameter FTS_LANE_DESKEW_EN bound to: FALSE - type: string 
	Parameter GEARBOX_MODE bound to: 3'b000 
	Parameter IS_CPLLLOCKDETCLK_INVERTED bound to: 1'b0 
	Parameter IS_DRPCLK_INVERTED bound to: 1'b0 
	Parameter IS_GTGREFCLK_INVERTED bound to: 1'b0 
	Parameter IS_RXUSRCLK2_INVERTED bound to: 1'b0 
	Parameter IS_RXUSRCLK_INVERTED bound to: 1'b0 
	Parameter IS_TXPHDLYTSTCLK_INVERTED bound to: 1'b0 
	Parameter IS_TXUSRCLK2_INVERTED bound to: 1'b0 
	Parameter IS_TXUSRCLK_INVERTED bound to: 1'b0 
	Parameter OUTREFCLK_SEL_INV bound to: 2'b11 
	Parameter PCS_PCIE_EN bound to: FALSE - type: string 
	Parameter PCS_RSVD_ATTR bound to: 48'b000000000000000000000000000000000000000000000000 
	Parameter PD_TRANS_TIME_FROM_P2 bound to: 12'b000000111100 
	Parameter PD_TRANS_TIME_NONE_P2 bound to: 8'b00111100 
	Parameter PD_TRANS_TIME_TO_P2 bound to: 8'b01100100 
	Parameter PMA_RSV bound to: 1994880 - type: integer 
	Parameter PMA_RSV2 bound to: 16'b0010000010010000 
	Parameter PMA_RSV3 bound to: 2'b00 
	Parameter PMA_RSV4 bound to: 0 - type: integer 
	Parameter RXBUFRESET_TIME bound to: 5'b00001 
	Parameter RXBUF_ADDR_MODE bound to: FAST - type: string 
	Parameter RXBUF_EIDLE_HI_CNT bound to: 4'b1000 
	Parameter RXBUF_EIDLE_LO_CNT bound to: 4'b0000 
	Parameter RXBUF_EN bound to: TRUE - type: string 
	Parameter RXBUF_RESET_ON_CB_CHANGE bound to: TRUE - type: string 
	Parameter RXBUF_RESET_ON_COMMAALIGN bound to: FALSE - type: string 
	Parameter RXBUF_RESET_ON_EIDLE bound to: FALSE - type: string 
	Parameter RXBUF_RESET_ON_RATE_CHANGE bound to: TRUE - type: string 
	Parameter RXBUF_THRESH_OVFLW bound to: 61 - type: integer 
	Parameter RXBUF_THRESH_OVRD bound to: FALSE - type: string 
	Parameter RXBUF_THRESH_UNDFLW bound to: 4 - type: integer 
	Parameter RXCDRFREQRESET_TIME bound to: 5'b00001 
	Parameter RXCDRPHRESET_TIME bound to: 5'b00001 
	Parameter RXCDR_CFG bound to: 72'b000010110000000000000000001000111111111100010000010000000000000000100000 
	Parameter RXCDR_FR_RESET_ON_EIDLE bound to: 1'b0 
	Parameter RXCDR_HOLD_DURING_EIDLE bound to: 1'b0 
	Parameter RXCDR_LOCK_CFG bound to: 6'b010101 
	Parameter RXCDR_PH_RESET_ON_EIDLE bound to: 1'b0 
	Parameter RXDFELPMRESET_TIME bound to: 7'b0001111 
	Parameter RXDLY_CFG bound to: 16'b0000000000011111 
	Parameter RXDLY_LCFG bound to: 9'b000110000 
	Parameter RXDLY_TAP_CFG bound to: 16'b0000000000000000 
	Parameter RXGEARBOX_EN bound to: FALSE - type: string 
	Parameter RXISCANRESET_TIME bound to: 5'b00001 
	Parameter RXLPM_HF_CFG bound to: 14'b00000011110000 
	Parameter RXLPM_LF_CFG bound to: 14'b00000011110000 
	Parameter RXOOB_CFG bound to: 7'b0000110 
	Parameter RXOUT_DIV bound to: 1 - type: integer 
	Parameter RXPCSRESET_TIME bound to: 5'b00001 
	Parameter RXPHDLY_CFG bound to: 24'b000010000100000000100000 
	Parameter RXPH_CFG bound to: 24'b000000000000000000000000 
	Parameter RXPH_MONITOR_SEL bound to: 5'b00000 
	Parameter RXPMARESET_TIME bound to: 5'b00011 
	Parameter RXPRBS_ERR_LOOPBACK bound to: 1'b0 
	Parameter RXSLIDE_AUTO_WAIT bound to: 7 - type: integer 
	Parameter RXSLIDE_MODE bound to: OFF - type: string 
	Parameter RX_BIAS_CFG bound to: 12'b000000000100 
	Parameter RX_BUFFER_CFG bound to: 6'b000000 
	Parameter RX_CLK25_DIV bound to: 7 - type: integer 
	Parameter RX_CLKMUX_PD bound to: 1'b1 
	Parameter RX_CM_SEL bound to: 2'b11 
	Parameter RX_CM_TRIM bound to: 3'b010 
	Parameter RX_DATA_WIDTH bound to: 32 - type: integer 
	Parameter RX_DDI_SEL bound to: 6'b000000 
	Parameter RX_DEBUG_CFG bound to: 12'b000000000000 
	Parameter RX_DEFER_RESET_BUF_EN bound to: TRUE - type: string 
	Parameter RX_DFE_GAIN_CFG bound to: 23'b00000100000111111101010 
	Parameter RX_DFE_H2_CFG bound to: 12'b000000000000 
	Parameter RX_DFE_H3_CFG bound to: 12'b000001000000 
	Parameter RX_DFE_H4_CFG bound to: 11'b00011110000 
	Parameter RX_DFE_H5_CFG bound to: 11'b00011100000 
	Parameter RX_DFE_KL_CFG bound to: 13'b0000011111110 
	Parameter RX_DFE_KL_CFG2 bound to: 806439084 - type: integer 
	Parameter RX_DFE_LPM_CFG bound to: 16'b0000100101010100 
	Parameter RX_DFE_LPM_HOLD_DURING_EIDLE bound to: 1'b0 
	Parameter RX_DFE_UT_CFG bound to: 17'b10001111000000000 
	Parameter RX_DFE_VP_CFG bound to: 17'b00011111100000011 
	Parameter RX_DFE_XYD_CFG bound to: 13'b0000000000000 
	Parameter RX_DISPERR_SEQ_MATCH bound to: FALSE - type: string 
	Parameter RX_INT_DATAWIDTH bound to: 1 - type: integer 
	Parameter RX_OS_CFG bound to: 13'b0000010000000 
	Parameter RX_SIG_VALID_DLY bound to: 10 - type: integer 
	Parameter RX_XCLK_SEL bound to: RXREC - type: string 
	Parameter SAS_MAX_COM bound to: 64 - type: integer 
	Parameter SAS_MIN_COM bound to: 36 - type: integer 
	Parameter SATA_BURST_SEQ_LEN bound to: 4'b0101 
	Parameter SATA_BURST_VAL bound to: 3'b100 
	Parameter SATA_CPLL_CFG bound to: VCO_3000MHZ - type: string 
	Parameter SATA_EIDLE_VAL bound to: 3'b100 
	Parameter SATA_MAX_BURST bound to: 8 - type: integer 
	Parameter SATA_MAX_INIT bound to: 21 - type: integer 
	Parameter SATA_MAX_WAKE bound to: 7 - type: integer 
	Parameter SATA_MIN_BURST bound to: 4 - type: integer 
	Parameter SATA_MIN_INIT bound to: 12 - type: integer 
	Parameter SATA_MIN_WAKE bound to: 4 - type: integer 
	Parameter SHOW_REALIGN_COMMA bound to: TRUE - type: string 
	Parameter SIM_CPLLREFCLK_SEL bound to: 3'b001 
	Parameter SIM_RECEIVER_DETECT_PASS bound to: TRUE - type: string 
	Parameter SIM_RESET_SPEEDUP bound to: TRUE - type: string 
	Parameter SIM_TX_EIDLE_DRIVE_LEVEL bound to: X - type: string 
	Parameter SIM_VERSION bound to: 4.0 - type: string 
	Parameter TERM_RCAL_CFG bound to: 5'b10000 
	Parameter TERM_RCAL_OVRD bound to: 1'b0 
	Parameter TRANS_TIME_RATE bound to: 8'b00001110 
	Parameter TST_RSV bound to: 0 - type: integer 
	Parameter TXBUF_EN bound to: TRUE - type: string 
	Parameter TXBUF_RESET_ON_RATE_CHANGE bound to: TRUE - type: string 
	Parameter TXDLY_CFG bound to: 16'b0000000000011111 
	Parameter TXDLY_LCFG bound to: 9'b000110000 
	Parameter TXDLY_TAP_CFG bound to: 16'b0000000000000000 
	Parameter TXGEARBOX_EN bound to: FALSE - type: string 
	Parameter TXOUT_DIV bound to: 1 - type: integer 
	Parameter TXPCSRESET_TIME bound to: 5'b00001 
	Parameter TXPHDLY_CFG bound to: 24'b000010000100000000100000 
	Parameter TXPH_CFG bound to: 16'b0000011110000000 
	Parameter TXPH_MONITOR_SEL bound to: 5'b00000 
	Parameter TXPMARESET_TIME bound to: 5'b00001 
	Parameter TX_CLK25_DIV bound to: 7 - type: integer 
	Parameter TX_CLKMUX_PD bound to: 1'b1 
	Parameter TX_DATA_WIDTH bound to: 32 - type: integer 
	Parameter TX_DEEMPH0 bound to: 5'b00000 
	Parameter TX_DEEMPH1 bound to: 5'b00000 
	Parameter TX_DRIVE_MODE bound to: DIRECT - type: string 
	Parameter TX_EIDLE_ASSERT_DELAY bound to: 3'b110 
	Parameter TX_EIDLE_DEASSERT_DELAY bound to: 3'b100 
	Parameter TX_INT_DATAWIDTH bound to: 1 - type: integer 
	Parameter TX_LOOPBACK_DRIVE_HIZ bound to: FALSE - type: string 
	Parameter TX_MAINCURSOR_SEL bound to: 1'b0 
	Parameter TX_MARGIN_FULL_0 bound to: 7'b1001110 
	Parameter TX_MARGIN_FULL_1 bound to: 7'b1001001 
	Parameter TX_MARGIN_FULL_2 bound to: 7'b1000101 
	Parameter TX_MARGIN_FULL_3 bound to: 7'b1000010 
	Parameter TX_MARGIN_FULL_4 bound to: 7'b1000000 
	Parameter TX_MARGIN_LOW_0 bound to: 7'b1000110 
	Parameter TX_MARGIN_LOW_1 bound to: 7'b1000100 
	Parameter TX_MARGIN_LOW_2 bound to: 7'b1000010 
	Parameter TX_MARGIN_LOW_3 bound to: 7'b1000000 
	Parameter TX_MARGIN_LOW_4 bound to: 7'b1000000 
	Parameter TX_PREDRIVER_MODE bound to: 1'b0 
	Parameter TX_QPI_STATUS_EN bound to: 1'b0 
	Parameter TX_RXDETECT_CFG bound to: 14'b01100000110010 
	Parameter TX_RXDETECT_REF bound to: 3'b100 
	Parameter TX_XCLK_SEL bound to: TXOUT - type: string 
	Parameter UCODEER_CLR bound to: 1'b0 
INFO: [Synth 8-6155] done synthesizing module 'GTXE2_CHANNEL' (1#1) [C:/Xilinx/Vivado/2018.3/scripts/rt/data/unisim_comp.v:11580]
INFO: [Synth 8-6155] done synthesizing module 'gt_app_GT' (2#1) [c:/Users/Administrator/Desktop/GT/gt_app/gt_app.srcs/sources_1/ip/gt_app/gt_app_gt.v:71]
INFO: [Synth 8-6155] done synthesizing module 'gt_app_multi_gt' (3#1) [c:/Users/Administrator/Desktop/GT/gt_app/gt_app.srcs/sources_1/ip/gt_app/gt_app_multi_gt.v:70]
INFO: [Synth 8-6157] synthesizing module 'gt_app_TX_STARTUP_FSM' [c:/Users/Administrator/Desktop/GT/gt_app/gt_app.srcs/sources_1/ip/gt_app/gt_app/example_design/gt_app_tx_startup_fsm.v:94]
	Parameter STABLE_CLOCK_PERIOD bound to: 10 - type: integer 
	Parameter RETRY_COUNTER_BITWIDTH bound to: 8 - type: integer 
	Parameter EXAMPLE_SIMULATION bound to: 0 - type: integer 
	Parameter TX_QPLL_USED bound to: TRUE - type: string 
	Parameter RX_QPLL_USED bound to: FALSE - type: string 
	Parameter PHASE_ALIGNMENT_MANUAL bound to: FALSE - type: string 
	Parameter INIT bound to: 4'b0000 
	Parameter ASSERT_ALL_RESETS bound to: 4'b0001 
	Parameter WAIT_FOR_PLL_LOCK bound to: 4'b0010 
	Parameter RELEASE_PLL_RESET bound to: 4'b0011 
	Parameter WAIT_FOR_TXOUTCLK bound to: 4'b0100 
	Parameter RELEASE_MMCM_RESET bound to: 4'b0101 
	Parameter WAIT_FOR_TXUSRCLK bound to: 4'b0110 
	Parameter WAIT_RESET_DONE bound to: 4'b0111 
	Parameter DO_PHASE_ALIGNMENT bound to: 4'b1000 
	Parameter RESET_FSM_DONE bound to: 4'b1001 
	Parameter MMCM_LOCK_CNT_MAX bound to: 256 - type: integer 
	Parameter STARTUP_DELAY bound to: 500 - type: integer 
	Parameter WAIT_CYCLES bound to: 50 - type: integer 
	Parameter WAIT_MAX bound to: 60 - type: integer 
	Parameter WAIT_TIMEOUT_2ms bound to: 200000 - type: integer 
	Parameter WAIT_TLOCK_MAX bound to: 10000 - type: integer 
	Parameter WAIT_TIMEOUT_500us bound to: 50000 - type: integer 
	Parameter WAIT_1us_CYCLES bound to: 100 - type: integer 
	Parameter WAIT_1us bound to: 110 - type: integer 
	Parameter WAIT_TIME_MAX bound to: 1000 - type: integer 
	Parameter PORT_WIDTH bound to: 18 - type: integer 
	Parameter MAX_RETRIES bound to: 255 - type: integer 
	Parameter MAX_WAIT_BYPASS bound to: 37632 - type: integer 
INFO: [Synth 8-6157] synthesizing module 'gt_app_sync_block' [c:/Users/Administrator/Desktop/GT/gt_app/gt_app.srcs/sources_1/ip/gt_app/gt_app/example_design/gt_app_sync_block.v:78]
	Parameter INITIALISE bound to: 6'b000000 
INFO: [Synth 8-6157] synthesizing module 'FD' [C:/Xilinx/Vivado/2018.3/scripts/rt/data/unisim_comp.v:3730]
	Parameter INIT bound to: 1'b0 
INFO: [Synth 8-6155] done synthesizing module 'FD' (4#1) [C:/Xilinx/Vivado/2018.3/scripts/rt/data/unisim_comp.v:3730]
INFO: [Synth 8-6155] done synthesizing module 'gt_app_sync_block' (5#1) [c:/Users/Administrator/Desktop/GT/gt_app/gt_app.srcs/sources_1/ip/gt_app/gt_app/example_design/gt_app_sync_block.v:78]
INFO: [Synth 8-6155] done synthesizing module 'gt_app_TX_STARTUP_FSM' (6#1) [c:/Users/Administrator/Desktop/GT/gt_app/gt_app.srcs/sources_1/ip/gt_app/gt_app/example_design/gt_app_tx_startup_fsm.v:94]
WARNING: [Synth 8-3848] Net gt0_rx_fsm_reset_done_out in module/entity gt_app_init does not have driver. [c:/Users/Administrator/Desktop/GT/gt_app/gt_app.srcs/sources_1/ip/gt_app/gt_app_init.v:84]
WARNING: [Synth 8-3848] Net gt0_rxdfeagchold_i in module/entity gt_app_init does not have driver. [c:/Users/Administrator/Desktop/GT/gt_app/gt_app.srcs/sources_1/ip/gt_app/gt_app_init.v:168]
WARNING: [Synth 8-3848] Net gt0_rxdfelfhold_i in module/entity gt_app_init does not have driver. [c:/Users/Administrator/Desktop/GT/gt_app/gt_app.srcs/sources_1/ip/gt_app/gt_app_init.v:169]
INFO: [Synth 8-6155] done synthesizing module 'gt_app_init' (7#1) [c:/Users/Administrator/Desktop/GT/gt_app/gt_app.srcs/sources_1/ip/gt_app/gt_app_init.v:71]
INFO: [Synth 8-6155] done synthesizing module 'gt_app' (8#1) [c:/Users/Administrator/Desktop/GT/gt_app/gt_app.srcs/sources_1/ip/gt_app/gt_app.v:73]
WARNING: [Synth 8-3331] design gt_app_TX_STARTUP_FSM has unconnected port CPLLREFCLKLOST
WARNING: [Synth 8-3331] design gt_app_init has unconnected port gt0_rx_fsm_reset_done_out
WARNING: [Synth 8-3331] design gt_app_init has unconnected port dont_reset_on_data_error_in
WARNING: [Synth 8-3331] design gt_app_init has unconnected port gt0_data_valid_in
WARNING: [Synth 8-3331] design gt_app_init has unconnected port gt0_gtrxreset_in
WARNING: [Synth 8-3331] design gt_app_init has unconnected port gt0_gttxreset_in
WARNING: [Synth 8-3331] design gt_app_init has unconnected port gt0_txuserrdy_in
---------------------------------------------------------------------------------
Finished RTL Elaboration : Time (s): cpu = 00:00:02 ; elapsed = 00:00:04 . Memory (MB): peak = 527.391 ; gain = 155.609
---------------------------------------------------------------------------------

Report Check Netlist: 
+------+------------------+-------+---------+-------+------------------+
|      |Item              |Errors |Warnings |Status |Description       |
+------+------------------+-------+---------+-------+------------------+
|1     |multi_driven_nets |      0|        0|Passed |Multi driven nets |
+------+------------------+-------+---------+-------+------------------+
INFO: [Synth 8-3295] tying undriven pin gt_app_i:gt0_rxdfeagchold_in to constant 0 [c:/Users/Administrator/Desktop/GT/gt_app/gt_app.srcs/sources_1/ip/gt_app/gt_app_init.v:221]
INFO: [Synth 8-3295] tying undriven pin gt_app_i:gt0_rxdfelfhold_in to constant 0 [c:/Users/Administrator/Desktop/GT/gt_app/gt_app.srcs/sources_1/ip/gt_app/gt_app_init.v:221]
---------------------------------------------------------------------------------
Start Handling Custom Attributes
---------------------------------------------------------------------------------
---------------------------------------------------------------------------------
Finished Handling Custom Attributes : Time (s): cpu = 00:00:02 ; elapsed = 00:00:04 . Memory (MB): peak = 527.391 ; gain = 155.609
---------------------------------------------------------------------------------
---------------------------------------------------------------------------------
Finished RTL Optimization Phase 1 : Time (s): cpu = 00:00:02 ; elapsed = 00:00:04 . Memory (MB): peak = 527.391 ; gain = 155.609
---------------------------------------------------------------------------------
INFO: [Netlist 29-17] Analyzing 42 Unisim elements for replacement
INFO: [Netlist 29-28] Unisim Transformation completed in 0 CPU seconds
INFO: [Device 21-403] Loading part xc7k325tffg676-2
INFO: [Project 1-570] Preparing netlist for logic optimization

Processing XDC Constraints
Initializing timing engine
Parsing XDC File [c:/Users/Administrator/Desktop/GT/gt_app/gt_app.srcs/sources_1/ip/gt_app/gt_app_ooc.xdc] for cell 'inst'
Finished Parsing XDC File [c:/Users/Administrator/Desktop/GT/gt_app/gt_app.srcs/sources_1/ip/gt_app/gt_app_ooc.xdc] for cell 'inst'
Parsing XDC File [c:/Users/Administrator/Desktop/GT/gt_app/gt_app.srcs/sources_1/ip/gt_app/gt_app.xdc] for cell 'inst'
Finished Parsing XDC File [c:/Users/Administrator/Desktop/GT/gt_app/gt_app.srcs/sources_1/ip/gt_app/gt_app.xdc] for cell 'inst'
Parsing XDC File [C:/Users/Administrator/Desktop/GT/gt_app/gt_app.runs/gt_app_synth_1/dont_touch.xdc]
Finished Parsing XDC File [C:/Users/Administrator/Desktop/GT/gt_app/gt_app.runs/gt_app_synth_1/dont_touch.xdc]
Completed Processing XDC Constraints

Netlist sorting complete. Time (s): cpu = 00:00:00 ; elapsed = 00:00:00 . Memory (MB): peak = 898.188 ; gain = 0.000
INFO: [Project 1-111] Unisim Transformation Summary:
  A total of 42 instances were transformed.
  FD => FDRE: 42 instances

Netlist sorting complete. Time (s): cpu = 00:00:00 ; elapsed = 00:00:00.001 . Memory (MB): peak = 898.188 ; gain = 0.000
Constraint Validation Runtime : Time (s): cpu = 00:00:00 ; elapsed = 00:00:00.009 . Memory (MB): peak = 899.727 ; gain = 1.539
---------------------------------------------------------------------------------
Finished Constraint Validation : Time (s): cpu = 00:00:05 ; elapsed = 00:00:07 . Memory (MB): peak = 899.727 ; gain = 527.945
---------------------------------------------------------------------------------
---------------------------------------------------------------------------------
Start Loading Part and Timing Information
---------------------------------------------------------------------------------
Loading part: xc7k325tffg676-2
---------------------------------------------------------------------------------
Finished Loading Part and Timing Information : Time (s): cpu = 00:00:05 ; elapsed = 00:00:07 . Memory (MB): peak = 899.727 ; gain = 527.945
---------------------------------------------------------------------------------
---------------------------------------------------------------------------------
Start Applying 'set_property' XDC Constraints
---------------------------------------------------------------------------------
Applied set_property DONT_TOUCH = true for inst. (constraint file  C:/Users/Administrator/Desktop/GT/gt_app/gt_app.runs/gt_app_synth_1/dont_touch.xdc, line 9).
---------------------------------------------------------------------------------
Finished applying 'set_property' XDC Constraints : Time (s): cpu = 00:00:05 ; elapsed = 00:00:07 . Memory (MB): peak = 899.727 ; gain = 527.945
---------------------------------------------------------------------------------
INFO: [Synth 8-802] inferred FSM for state register 'tx_state_reg' in module 'gt_app_TX_STARTUP_FSM'
INFO: [Synth 8-5546] ROM "init_wait_count" won't be mapped to RAM because it is too sparse
INFO: [Synth 8-5546] ROM "init_wait_done" won't be mapped to RAM because it is too sparse
INFO: [Synth 8-5546] ROM "time_out_counter" won't be mapped to RAM because it is too sparse
INFO: [Synth 8-5546] ROM "time_out_2ms" won't be mapped to RAM because it is too sparse
INFO: [Synth 8-5546] ROM "time_tlock_max" won't be mapped to RAM because it is too sparse
INFO: [Synth 8-5546] ROM "time_out_500us" won't be mapped to RAM because it is too sparse
INFO: [Synth 8-5546] ROM "wait_bypass_count" won't be mapped to RAM because it is too sparse
INFO: [Synth 8-5546] ROM "time_out_wait_bypass" won't be mapped to RAM because it is too sparse
INFO: [Synth 8-5544] ROM "TXUSERRDY" won't be mapped to Block RAM because address size (4) smaller than threshold (5)
INFO: [Synth 8-5544] ROM "gttxreset_i" won't be mapped to Block RAM because address size (4) smaller than threshold (5)
INFO: [Synth 8-5544] ROM "MMCM_RESET" won't be mapped to Block RAM because address size (4) smaller than threshold (5)
INFO: [Synth 8-5544] ROM "tx_fsm_reset_done_int" won't be mapped to Block RAM because address size (4) smaller than threshold (5)
INFO: [Synth 8-5544] ROM "QPLL_RESET" won't be mapped to Block RAM because address size (4) smaller than threshold (5)
INFO: [Synth 8-5544] ROM "reset_time_out" won't be mapped to Block RAM because address size (4) smaller than threshold (5)
INFO: [Synth 8-5544] ROM "run_phase_alignment_int" won't be mapped to Block RAM because address size (4) smaller than threshold (5)
INFO: [Synth 8-5544] ROM "tx_state" won't be mapped to Block RAM because address size (1) smaller than threshold (5)
INFO: [Synth 8-5544] ROM "tx_state" won't be mapped to Block RAM because address size (1) smaller than threshold (5)
INFO: [Synth 8-5544] ROM "tx_state" won't be mapped to Block RAM because address size (1) smaller than threshold (5)
INFO: [Synth 8-5544] ROM "tx_state" won't be mapped to Block RAM because address size (1) smaller than threshold (5)
---------------------------------------------------------------------------------------------------
                   State |                     New Encoding |                Previous Encoding 
---------------------------------------------------------------------------------------------------
                    INIT |                             0000 |                             0000
       ASSERT_ALL_RESETS |                             0001 |                             0001
       WAIT_FOR_PLL_LOCK |                             0010 |                             0010
       RELEASE_PLL_RESET |                             0011 |                             0011
       WAIT_FOR_TXOUTCLK |                             0100 |                             0100
      RELEASE_MMCM_RESET |                             0101 |                             0101
       WAIT_FOR_TXUSRCLK |                             0110 |                             0110
         WAIT_RESET_DONE |                             0111 |                             0111
      DO_PHASE_ALIGNMENT |                             1000 |                             1000
          RESET_FSM_DONE |                             1001 |                             1001
---------------------------------------------------------------------------------------------------
INFO: [Synth 8-3354] encoded FSM with state register 'tx_state_reg' using encoding 'sequential' in module 'gt_app_TX_STARTUP_FSM'
---------------------------------------------------------------------------------
Finished RTL Optimization Phase 2 : Time (s): cpu = 00:00:05 ; elapsed = 00:00:07 . Memory (MB): peak = 899.727 ; gain = 527.945
---------------------------------------------------------------------------------

Report RTL Partitions: 
+-+--------------+------------+----------+
| |RTL Partition |Replication |Instances |
+-+--------------+------------+----------+
+-+--------------+------------+----------+
---------------------------------------------------------------------------------
Start RTL Component Statistics 
---------------------------------------------------------------------------------
Detailed RTL Component Info : 
+---Adders : 
	   2 Input      8 Bit       Adders := 3     
+---Registers : 
	                8 Bit    Registers := 3     
	                1 Bit    Registers := 20    
+---Muxes : 
	   2 Input      8 Bit        Muxes := 1     
	  10 Input      4 Bit        Muxes := 1     
	   2 Input      4 Bit        Muxes := 4     
	   2 Input      1 Bit        Muxes := 15    
	  10 Input      1 Bit        Muxes := 17    
---------------------------------------------------------------------------------
Finished RTL Component Statistics 
---------------------------------------------------------------------------------
---------------------------------------------------------------------------------
Start RTL Hierarchical Component Statistics 
---------------------------------------------------------------------------------
Hierarchical RTL Component report 
Module gt_app_TX_STARTUP_FSM 
Detailed RTL Component Info : 
+---Adders : 
	   2 Input      8 Bit       Adders := 3     
+---Registers : 
	                8 Bit    Registers := 3     
	                1 Bit    Registers := 20    
+---Muxes : 
	   2 Input      8 Bit        Muxes := 1     
	  10 Input      4 Bit        Muxes := 1     
	   2 Input      4 Bit        Muxes := 4     
	   2 Input      1 Bit        Muxes := 15    
	  10 Input      1 Bit        Muxes := 17    
---------------------------------------------------------------------------------
Finished RTL Hierarchical Component Statistics
---------------------------------------------------------------------------------
---------------------------------------------------------------------------------
Start Part Resource Summary
---------------------------------------------------------------------------------
Part Resources:
DSPs: 840 (col length:140)
BRAMs: 890 (col length: RAMB18 140 RAMB36 70)
---------------------------------------------------------------------------------
Finished Part Resource Summary
---------------------------------------------------------------------------------
---------------------------------------------------------------------------------
Start Cross Boundary and Area Optimization
---------------------------------------------------------------------------------
Warning: Parallel synthesis criteria is not met 
INFO: [Synth 8-5546] ROM "gt0_txresetfsm_i/init_wait_count" won't be mapped to RAM because it is too sparse
INFO: [Synth 8-5546] ROM "gt0_txresetfsm_i/init_wait_done" won't be mapped to RAM because it is too sparse
INFO: [Synth 8-5546] ROM "gt0_txresetfsm_i/time_out_counter" won't be mapped to RAM because it is too sparse
INFO: [Synth 8-5546] ROM "gt0_txresetfsm_i/time_out_2ms" won't be mapped to RAM because it is too sparse
INFO: [Synth 8-5546] ROM "gt0_txresetfsm_i/time_tlock_max" won't be mapped to RAM because it is too sparse
INFO: [Synth 8-5546] ROM "gt0_txresetfsm_i/time_out_500us" won't be mapped to RAM because it is too sparse
INFO: [Synth 8-5546] ROM "gt0_txresetfsm_i/wait_bypass_count" won't be mapped to RAM because it is too sparse
INFO: [Synth 8-5546] ROM "gt0_txresetfsm_i/time_out_wait_bypass" won't be mapped to RAM because it is too sparse
WARNING: [Synth 8-3331] design gt_app_init has unconnected port gt0_rx_fsm_reset_done_out
WARNING: [Synth 8-3331] design gt_app_init has unconnected port dont_reset_on_data_error_in
WARNING: [Synth 8-3331] design gt_app_init has unconnected port gt0_data_valid_in
WARNING: [Synth 8-3331] design gt_app_init has unconnected port gt0_gtrxreset_in
WARNING: [Synth 8-3331] design gt_app_init has unconnected port gt0_gttxreset_in
WARNING: [Synth 8-3331] design gt_app_init has unconnected port gt0_txuserrdy_in
INFO: [Synth 8-3332] Sequential element (gt0_txresetfsm_i/sync_cplllock/data_sync_reg1) is unused and will be removed from module gt_app_init.
INFO: [Synth 8-3332] Sequential element (gt0_txresetfsm_i/sync_cplllock/data_sync_reg2) is unused and will be removed from module gt_app_init.
INFO: [Synth 8-3332] Sequential element (gt0_txresetfsm_i/sync_cplllock/data_sync_reg3) is unused and will be removed from module gt_app_init.
INFO: [Synth 8-3332] Sequential element (gt0_txresetfsm_i/sync_cplllock/data_sync_reg4) is unused and will be removed from module gt_app_init.
INFO: [Synth 8-3332] Sequential element (gt0_txresetfsm_i/sync_cplllock/data_sync_reg5) is unused and will be removed from module gt_app_init.
INFO: [Synth 8-3332] Sequential element (gt0_txresetfsm_i/sync_cplllock/data_sync_reg6) is unused and will be removed from module gt_app_init.
---------------------------------------------------------------------------------
Finished Cross Boundary and Area Optimization : Time (s): cpu = 00:00:05 ; elapsed = 00:00:07 . Memory (MB): peak = 899.727 ; gain = 527.945
---------------------------------------------------------------------------------

Report RTL Partitions: 
+-+--------------+------------+----------+
| |RTL Partition |Replication |Instances |
+-+--------------+------------+----------+
+-+--------------+------------+----------+
---------------------------------------------------------------------------------
Start Applying XDC Timing Constraints
---------------------------------------------------------------------------------
---------------------------------------------------------------------------------
Finished Applying XDC Timing Constraints : Time (s): cpu = 00:00:08 ; elapsed = 00:00:11 . Memory (MB): peak = 902.109 ; gain = 530.328
---------------------------------------------------------------------------------
---------------------------------------------------------------------------------
Start Timing Optimization
---------------------------------------------------------------------------------
---------------------------------------------------------------------------------
Finished Timing Optimization : Time (s): cpu = 00:00:08 ; elapsed = 00:00:11 . Memory (MB): peak = 923.887 ; gain = 552.105
---------------------------------------------------------------------------------

Report RTL Partitions: 
+-+--------------+------------+----------+
| |RTL Partition |Replication |Instances |
+-+--------------+------------+----------+
+-+--------------+------------+----------+
---------------------------------------------------------------------------------
Start Technology Mapping
---------------------------------------------------------------------------------
---------------------------------------------------------------------------------
Finished Technology Mapping : Time (s): cpu = 00:00:08 ; elapsed = 00:00:11 . Memory (MB): peak = 925.078 ; gain = 553.297
---------------------------------------------------------------------------------

Report RTL Partitions: 
+-+--------------+------------+----------+
| |RTL Partition |Replication |Instances |
+-+--------------+------------+----------+
+-+--------------+------------+----------+
---------------------------------------------------------------------------------
Start IO Insertion
---------------------------------------------------------------------------------
---------------------------------------------------------------------------------
Start Flattening Before IO Insertion
---------------------------------------------------------------------------------
---------------------------------------------------------------------------------
Finished Flattening Before IO Insertion
---------------------------------------------------------------------------------
---------------------------------------------------------------------------------
Start Final Netlist Cleanup
---------------------------------------------------------------------------------
---------------------------------------------------------------------------------
Finished Final Netlist Cleanup
---------------------------------------------------------------------------------
---------------------------------------------------------------------------------
Finished IO Insertion : Time (s): cpu = 00:00:09 ; elapsed = 00:00:11 . Memory (MB): peak = 925.078 ; gain = 553.297
---------------------------------------------------------------------------------

Report Check Netlist: 
+------+------------------+-------+---------+-------+------------------+
|      |Item              |Errors |Warnings |Status |Description       |
+------+------------------+-------+---------+-------+------------------+
|1     |multi_driven_nets |      0|        0|Passed |Multi driven nets |
+------+------------------+-------+---------+-------+------------------+
---------------------------------------------------------------------------------
Start Renaming Generated Instances
---------------------------------------------------------------------------------
---------------------------------------------------------------------------------
Finished Renaming Generated Instances : Time (s): cpu = 00:00:09 ; elapsed = 00:00:11 . Memory (MB): peak = 925.078 ; gain = 553.297
---------------------------------------------------------------------------------

Report RTL Partitions: 
+-+--------------+------------+----------+
| |RTL Partition |Replication |Instances |
+-+--------------+------------+----------+
+-+--------------+------------+----------+
---------------------------------------------------------------------------------
Start Rebuilding User Hierarchy
---------------------------------------------------------------------------------
---------------------------------------------------------------------------------
Finished Rebuilding User Hierarchy : Time (s): cpu = 00:00:09 ; elapsed = 00:00:11 . Memory (MB): peak = 925.078 ; gain = 553.297
---------------------------------------------------------------------------------
---------------------------------------------------------------------------------
Start Renaming Generated Ports
---------------------------------------------------------------------------------
---------------------------------------------------------------------------------
Finished Renaming Generated Ports : Time (s): cpu = 00:00:09 ; elapsed = 00:00:11 . Memory (MB): peak = 925.078 ; gain = 553.297
---------------------------------------------------------------------------------
---------------------------------------------------------------------------------
Start Handling Custom Attributes
---------------------------------------------------------------------------------
---------------------------------------------------------------------------------
Finished Handling Custom Attributes : Time (s): cpu = 00:00:09 ; elapsed = 00:00:11 . Memory (MB): peak = 925.078 ; gain = 553.297
---------------------------------------------------------------------------------
---------------------------------------------------------------------------------
Start Renaming Generated Nets
---------------------------------------------------------------------------------
---------------------------------------------------------------------------------
Finished Renaming Generated Nets : Time (s): cpu = 00:00:09 ; elapsed = 00:00:11 . Memory (MB): peak = 925.078 ; gain = 553.297
---------------------------------------------------------------------------------
---------------------------------------------------------------------------------
Start Writing Synthesis Report
---------------------------------------------------------------------------------

Report BlackBoxes: 
+-+--------------+----------+
| |BlackBox name |Instances |
+-+--------------+----------+
+-+--------------+----------+

Report Cell Usage: 
+------+--------------+------+
|      |Cell          |Count |
+------+--------------+------+
|1     |CARRY4        |    14|
|2     |GTXE2_CHANNEL |     1|
|3     |LUT1          |    22|
|4     |LUT2          |    10|
|5     |LUT3          |     6|
|6     |LUT4          |    14|
|7     |LUT5          |    15|
|8     |LUT6          |    28|
|9     |FD            |    36|
|10    |FDCE          |     9|
|11    |FDRE          |    74|
|12    |FDSE          |     6|
+------+--------------+------+

Report Instance Areas: 
+------+-----------------------------------+----------------------+------+
|      |Instance                           |Module                |Cells |
+------+-----------------------------------+----------------------+------+
|1     |top                                |                      |   235|
|2     |  inst                             |gt_app_init           |   235|
|3     |    gt0_txresetfsm_i               |gt_app_TX_STARTUP_FSM |   234|
|4     |      sync_TXRESETDONE             |gt_app_sync_block     |     6|
|5     |      sync_mmcm_lock_reclocked     |gt_app_sync_block_0   |     8|
|6     |      sync_qplllock                |gt_app_sync_block_1   |    11|
|7     |      sync_run_phase_alignment_int |gt_app_sync_block_2   |     6|
|8     |      sync_time_out_wait_bypass    |gt_app_sync_block_3   |     6|
|9     |      sync_tx_fsm_reset_done_int   |gt_app_sync_block_4   |     6|
|10    |    gt_app_i                       |gt_app_multi_gt       |     1|
|11    |      gt0_gt_app_i                 |gt_app_GT             |     1|
+------+-----------------------------------+----------------------+------+
---------------------------------------------------------------------------------
Finished Writing Synthesis Report : Time (s): cpu = 00:00:09 ; elapsed = 00:00:11 . Memory (MB): peak = 925.078 ; gain = 553.297
---------------------------------------------------------------------------------
Synthesis finished with 0 errors, 0 critical warnings and 6 warnings.
Synthesis Optimization Runtime : Time (s): cpu = 00:00:05 ; elapsed = 00:00:09 . Memory (MB): peak = 925.078 ; gain = 180.961
Synthesis Optimization Complete : Time (s): cpu = 00:00:09 ; elapsed = 00:00:11 . Memory (MB): peak = 925.078 ; gain = 553.297
INFO: [Project 1-571] Translating synthesized netlist
INFO: [Netlist 29-17] Analyzing 50 Unisim elements for replacement
INFO: [Netlist 29-28] Unisim Transformation completed in 0 CPU seconds
INFO: [Project 1-570] Preparing netlist for logic optimization
INFO: [Opt 31-138] Pushed 0 inverter(s) to 0 load pin(s).
Netlist sorting complete. Time (s): cpu = 00:00:00 ; elapsed = 00:00:00 . Memory (MB): peak = 931.336 ; gain = 0.000
INFO: [Project 1-111] Unisim Transformation Summary:
  A total of 36 instances were transformed.
  FD => FDRE: 36 instances

INFO: [Common 17-83] Releasing license: Synthesis
66 Infos, 16 Warnings, 0 Critical Warnings and 0 Errors encountered.
synth_design completed successfully
synth_design: Time (s): cpu = 00:00:10 ; elapsed = 00:00:14 . Memory (MB): peak = 931.336 ; gain = 571.043
Netlist sorting complete. Time (s): cpu = 00:00:00 ; elapsed = 00:00:00 . Memory (MB): peak = 931.336 ; gain = 0.000
WARNING: [Constraints 18-5210] No constraints selected for write.
Resolution: This message can indicate that there are no constraints for the design, or it can indicate that the used_in flags are set such that the constraints are ignored. This later case is used when running synth_design to not write synthesis constraints to the resulting checkpoint. Instead, project constraints are read when the synthesized design is opened.
INFO: [Common 17-1381] The checkpoint 'C:/Users/Administrator/Desktop/GT/gt_app/gt_app.runs/gt_app_synth_1/gt_app.dcp' has been generated.
INFO: [Coretcl 2-1648] Added synthesis output to IP cache for IP gt_app, cache-ID = 80a464c06ec34e3b
INFO: [Coretcl 2-1174] Renamed 10 cell refs.
Netlist sorting complete. Time (s): cpu = 00:00:00 ; elapsed = 00:00:00 . Memory (MB): peak = 931.336 ; gain = 0.000
WARNING: [Constraints 18-5210] No constraints selected for write.
Resolution: This message can indicate that there are no constraints for the design, or it can indicate that the used_in flags are set such that the constraints are ignored. This later case is used when running synth_design to not write synthesis constraints to the resulting checkpoint. Instead, project constraints are read when the synthesized design is opened.
INFO: [Common 17-1381] The checkpoint 'C:/Users/Administrator/Desktop/GT/gt_app/gt_app.runs/gt_app_synth_1/gt_app.dcp' has been generated.
INFO: [runtcl-4] Executing : report_utilization -file gt_app_utilization_synth.rpt -pb gt_app_utilization_synth.pb
INFO: [Common 17-206] Exiting Vivado at Wed Jun  3 20:49:50 2026...
